[40m[2J[40m
[0;1m[33C[0;1;35mD V L  # 2

[28C[0;1;33mПисьмо о наболевшем

  [0;1mСейчас около 12 часов ночи. Веки смыкаются сами сабой, но я не спешу
отходить от компьютера. Мне кажется я еще что-то должен сделать, что-то
еще успеть. Глаза мои горят от перенапережения. Так я сижу уже пятую
ночь подряд.
  В мыслях моих царит [0;1;32mХаос[0;1m. Порой в голове возникают очень странные мысли
или дурацкие вопросы. Например, почему вы, наши дорогие читатели, хотите
видеть много [0;1;32mхороших статей [0;1mв этом журнале, но палец о палец не ударили
что-бы статей было больше, хотя-бы на одну. Взяли-бы да написали на
[0;1;32msmf@chat.ru [0;1mпару статей о чем хотите. Надеюсь вас за это не осудят.
Да, все правильно, но вам лень. Гораздо проще говорить: "А нафиг нам это
нужно, пусть другие пишут, а мы потом почитаем." Странно, но один мой
знакомый, кстати [0;1;32mпрограммер[0;1m, узнав что я делаю оболочку для журнала
сказал: "A зачем тебе это нужно?" Он [0;1;32mклассный программер[0;1m, я видел несколько
его программ, но все они были либо не доделаны, либо очень старые.
  Вот и приходит в голову странный вопрос: "А почему-бы не писать вам,
классным программерам (я уверен вас не так-уж мало) классные, законченные
[0;1;32mпрограммы [0;1mвы ведь это можете (жаль что не хотите).













































































[0m[255D