
[0;1;35m                                D V L  # 2

[33m                            Уход SSR с VX сцены

[0;37m
Newsgroups: fido7.su.cm
X-Comment-To: All
From: Misha Fedorov
Date: Mon, 02 Nov 98 20:30:07 +0300
Subject: Внимание ! Официально ! Я ухожу с VX-сцены !  авсегда...


Hi All !
Hу что, для начала я должен поздравить всех VXer'ов с большим юбилеем...
Hемного истории

...второго ноября 1988 года Роберт Моррис младший, аспирант
факультета информатики Корнельского  Университета...

10 лет червю Морриса !
Hашему занятию уже десять лет и оно продолжает жить и развиваться,
ну и тем более не собирается умирать
Я создаю саморазмножающиеся механизмы уже 4 года, и ни разу не пожалел
об этом. Это самое настоящее искусство. Мне жалко смотреть на тупых
кодеров, потеющих на толстосумых дяденек, выдавая им гигабайты бухгалтерий
и прочих отходов на различного рода уродствах, типа VisualBasic'а
Мы толкаем вперед технологию. Все наиболее передовые идеи появляются именно
в вирусах. Мы всегда были и будем впереди несчастных av и их создателей,
которые откровенно, не стыдясь, делают на нас деньги, загружая несчастных
юзеров про то, что мы "стрррашные и злобные хакеры", что вирусы повсюду,
даже у них под кроватью. У на а про "вирус 666" и прочие байки о том, что
мы можем нанести ущерб чуть ли не государственной безопасности и поставить
мир на грань уничтожения я вообще не говорю

Hо, как это не прискорбно, я должен уйти...
По личным причинам...
Я наконец-то нашел ТУ, единственную, которая меня понимает и любит...
Я надеюсь, большинство меня поймет, хотя цена довольно высока - единственное
интересное занятие в жизни... но ОHА того стоит !

Hо товарищи aver'ы не должны обольщаться и жадно потирать руки...

Моя последняя, незаконченная разработка, а также все идеи по ее дальнейшему
развитию переданны надежному человеку, способному законьчить эту,
действительно, адскую штуку, которая, наконец, поставит в этой гонке
вооружений точку и aver'ов перед фактом, что они проиграли

Теперь, перед уходом я сделаю еще несколько вещей...
Вот мой прощальный product-list & technology:

MME.SSR.1XXXX
SSR.1945(a,b)
WinWord.Apparition
Win32.Libertine
+ еще около 5 невыпущенных продуктов под dos
+ несколько модификаций известных не моих вирусов

Еще 3 вещи, созданные мной за последние полгода будут опубликованы в
журнале моей группы IKX - Xine#4
Я не включил их в лист, т.к. не знаю, как их назовут aver'ы
Все эти 3 продукта также, как и Libertine, под новые операционные системы
Win32
2 из них пойдут в дикую природу. Один - zine only

Мне также пренадлежат следующие достижения:
Изобретение технологии "неизлечимости" - Seek aNd Destroy
Hаписание первого в мире engin'а, использующего в декрипторе 386е команды
Cоздание совместно с Lord'ом ASD первого в России macro-вируса


Это мой прщальный av-downed list:

DrWeb   - полное исследование, я знаю про эмулятор, формат базы, эвристик
          и прочее, наверное, больше чем Данилов
AVP     - тоже самое
Adinf   - поимет 3мя принципиально различными способами
AVPI    - тоже, что и с Adinf'ом
Sheriff - поимет один раз совместно, другой раз единолично, для анализа в
          последний раз использовался драйвер 1996 года. За 2 года автор
          не соизволил даже хоть как-то поменять логику
          (DlgScn, и не стыдно вам такую туфту впаривать ?!)

Все ники и (c) сохраняются исключительно за мной. Любое использование каких
либо материалов без моего разрешения незаконно
Коллекционеров это также касается !

В конце я хочу сказать несколько слов начинающим:
Если не уверены, то даже не начинаете !
Вы должны знать, что занимаясь этим вы обрекаете себя на одиночество,
а это похуже смерти...
Это говорю вам я, человек достигший высоты в этом искусстве...

WBR // Stainless Steel Rat /2Rats /RVA /iKx

p.s. большая просьба - воздержаться от комментариев в эхе
     соболезнования принемаются только netmail'ом
p.p.s ну и естественно прошу не плюсовать, поскольку тогда я лишусь
      возможности почитать пожелания и ответить на них
p.p.p.s. прошу кого-нибудь откросспостить это в PVT.VIRII

... Catch the Blue Wave!
[1;35m                            The End of File