
[0;1;35m                                D V L  # 2

[33m                 Duke's Pascal Overwriting Generator v0.01
                              (c) by Duke/SMF

[37mDPOG - это конструктор, позволяющий создавать  исходные  тексты  нерезиден-
тных Overwriting вирусов на языке Pascal.

[34mКомплект поставки конструктора DPOG :
   * DPOG.EXE    - исполнимый файл программы
   * DPOG.CFG    - пример конфигурационного файла
   * DPOG.TXT    - описание работы с конструктором
   * SAMPLE.PAS  - исходник вируса HLLO.DPOG.Demo , написанного на DPOG
   * SAMPLE.CFG  - конфигурационный файл для вируса HLLO.DPOG.Demo
   * SAMPLE.EXE  - готовый вирус HLLO.DPOG.Demo

[37mВозможности конструктора:
- создание вирусов поражающих [32mCOM, EXE, COM & EXE файлы
[37m- различные варианты процедуры заражения
- поражение вирусами за один запуск выбранного количества файлов
- возможность проверки и не заражения файла COMMAND.COM
- возможность подключения собственных спецэффектов
- возможность обработки вирусами атрибута Read-Only
- возможность вывода вирусами текстовых сообщений
- возможность оптимизации размера вируса

[34mСоздание вируса
[37mДля того, чтобы создать с помощью DPOG работоспособный HLLO-вирус,  необхо-
димо выполнить следующие действия:

1) заполнить конфигурационный файл (с правилами его заполнения  и  назначе-
   нием пунктов вы можете ознакомиться ниже). Предположим, что текст  виру-
   са будет записываться в файл [32mVIRUS.PAS.
[37m2) запустить конструктор с параметром:
           [32mDPOG.EXE
[37m3) откомпилировать полученный [32mPAS-файл [37mс помощью компилятора  [32mTurbo  Pascal
   (tpc.exe) [37mили [32mBorland Pascal (bpc.exe):
   TPC.EXE  VIRUS.PAS  [37mили  [32mBPC.EXE VIRUS.PAS
[37m4) если вы указали в конфигурационном файле опцию H=N, то необходимо:
   a) посмотреть размер полученного файла [32mVIRUS.EXE [37mи вписать ее в файл
      [32mVIRUS.PAS [37mв строку "[32mVirusSize=[37m", вместо стоящего там числа 3500;
   b) снова откомпилировать файл VIRUS.PAS (как это делалось в пункте 3)

После этого 100% работающий вирус готов!


[34mПравила заполнения конфигурационного файла
[37mГенератор DPOG v0.01 не имеет диалоговой оболочки и "общение" с пользовате-
лем проходит через конфигурационный файл.

Строки конфигурационного файла, начинающиеся с символа ";", генератором иг-
норируются.

[36m* A *
[37mЭто строковая величина, содержащая имя вируса (например, A=DemoVirus).

[36m* B *
[37mЭто строковая величина, содержащая имя автора вируса (например, B=Duke/SMF).

[36m* C *
[37mИмя файла, в который будет записываться исходный текст вируса на паскале
(например, C=virus.pas).

[36m* D *
[37mТип файлов, которые будут поражаться вирусом. Возможные варианты:
D=C  - поражение *.com файлов
D=E  - поражение *.exe файлов
D=B  - поражение *.com и *.exe файлов

[36m* E *
[37mЧисловая величина, обозначающая число файлов, поражаемых за один запуск.
Если необходимо поразить все файлы текущего каталога, то необходимо  поста-
вить E=0

[36m* F *
[37mМетка (идентификатор) зараженности файла. Должна состоять из двух символов
(например, F=M$).

[36m* G *
[37mЭтот переключатель отвечает за атрибуты поражаемых файлов. Возможны
следующие варианты:
G=Y  - поражать файлы с атрибутом Read-Only (т.е. поражаются файлы c
       атрибутами $21)
G=N  - не поражать Read-Only файлы (т.е. поражаются файлы с атрибутами $20)

[36m* H *
[37mПереключатель способа заражения файлов, допускающий дла варианта:
H=Y  - использовать COMMAND.COM для заражения файлов. При этом размер
       созданного вируса получается более большим.
H=N  - не использовать COMMAND.COM, а  использовать  собственные  процедуры
       для заражения файлов. При этом размер созданного  вируса  будет  по-
       меньше.

[36m* I *
[37mПереключатель отвечающий за проверку файлов перед заражением. Учитывается
генератором только в том случае, когда D=C или D=B . Возможны два варианта:
I=Y  - проверять имена найденных файлов и не заражать COMMAND.COM (иначе
       при заражении COMMAND.COM вирусом перестанет загружаться машина)
I=N  - поражать все подряд файлы без проверки

[36m* J *
[37mПри завершении работы вируса выводить на экран указанные в этом параметре
текстовые строки. Количество строк "J=" не должно превышать 25 . Чтобы
никаких сообщений не выводилось, необходимо оставить строку "J=" без
значения.

[36m* K *
[37mПодключение файла со спецэффектами.
К вирусу могут подключаться только процедуры, оформленные в виде:
    procedure имя_процедуры;{без параметров}
    begin
    {тело процедуры}
    end;
Если для работы процедуры требуются другие модули, помимо  dos.tpu,  то  их
надо подключить в процедуре.
Формат записи: K=имя_файла#имя_процедуры Если оставить строку "K=" без зна-
чения, то ничего не подключается.

[36m* L *
[37mПереключатель, отвечающий за оптимизацию кода вируса и допускающий два
варианта:
L=Y  - в исходный текст вируса добавляется строка, уменьшающая размер
       откомпилированного вируса
L=N  - оптимизация по размеру файла не производится

[34mОб использовании DPOG
[37mАвтор конструктора DPOG оставляет за пользователями право модифицировать по
своему усмотрению содержимое сгенерированных конструктором вирусов,  остав-
ляя при этом в исходном тексте вируса строку "Generator:='[DPOG v0.01]';".
[1;35m                            The End of File