[40m[2J[40m
[0;1m[32C[0;1;35mD V L  # 2

[27C[0;1;33mМой ответ LovinGod'у
[28CWritten by Duke/SMF

  [0;1mНе ожидал услышать [0;1;32mТАКОЕ [0;1mот президента вирмейкерской  группы.  Какого  же
низкого надо быть о себе мнения, чтобы в течение 4 лет заниматься нелюбимым
делом. Видимо, его не интересует  мнение  мемберов  [0;1;32mSGWW  [0;1mо  нем.  Публично
оскорбить всех своих подчиненных... Мы с ним не знакомы,  но  сразу  видно,
что это "[0;1;32mбольшого ума[0;1m" человек. Из самого текста послания  выяснилось,  что
же представляет из себя [0;1;32mLovinGod[0;1m.


[0;1;36mLG> [0;36mТрудное детство, некомпьютерные игрушки... а IBM'е начал программировать
[0;1;36mLG>   [0;36mтолько со 2 курса института. ПисАл игрушки, утилиты, прочее дерьмо

  [0;1mТак оказывается, что он всего лишь [0;1;32mпакостник-переросток[0;1m!  Возможно  даже,
что [0;1;32mLG ровесник Лозинского [0;1m- тогда ему ([0;1;32mLG[0;1m) тоже пора на пенсию.

  Всех  вирусописателей,  создававших  вирусы  именно   ради    творчества,
исследования и самосовершенствования, и поэтому не  вставивших  в  вирусный
код  деструктивных  эффектов,  [0;1;32mLG  [0;1mназвал  [0;1;32mПОЦИФИСТАМИ  [0;1m(мало  того,    что
переросток, так он еще к тому же малограмотный переросток).  Он  не  понял,
что для людей главнее творческий поиск, а  не  ущербное  желание  навредить
кому угодно.

  Я уже перестал удивляться тому, что [0;1;32mReminder [0;1mвместе с [0;1;32mDVC [0;1mушел  из  [0;1;32mSGWW[0;1m,
учитывая страсть [0;1;32mLG [0;1mк деструкции и неврастенический характер [0;1;32mLG[0;1m.  Теперь  я
удивляюсь другому - как [0;1;32mReminder [0;1mтак долго  терпел  соседство  с  [0;1;32mLG  [0;1mи  не
свалил на год раньше?

  Интересно, а кем из перечисленных типов вирмейкеров считает себя сам  [0;1;32mLG[0;1m?
Никем! Он вообще не вирмейкер - я не  видел  его  оригинальных  вирусов,  а
писать [0;1;32mCOM-нерезидент [0;1mмы все умеем. [0;1;32mLG [0;1mвозомнил себя настоящим  богом  (или
пытается подделаться под свой [0;1;32mhandle [0;1m? - тогда уж он точно не [0;1;32mLovin[0;1m). Он не
видит собственной ущербности и порочности (я бы даже сказал - червивости).

  Я оказался прав, когда в свое время не стал вступать  в  [0;1;32mSGWW[0;1m,  а  создал
собственную команду - [0;1;32mSMF[0;1m. Я отношусь к своим  мемберам  как  к  нормальным
людям. Я не собираюсь никого оскорблять, если он  не  может  написать  [0;1;32mfull
polimorph stealth[0;1m.

  Все - твоя группа сдохла, [0;1;32mLG [0;1m! И как любое тело она начинает  разлагаться
с головы (т.е. с тебя). Ты уже никакими способами  не  вернешь  мемберов  и
[0;1;32mБЫЛУЮ [0;1mпопулярность. Ты сам подписал смертный приговор своей группе.  Развал
стал  заметен  уже  давно  еще  по  журналу:  сперва  раскол   Москва-Киев,
непереодичность  выпуска,  все  большее  кол-во  литературы  в  журнале   и
отсутствие ваших новых технологий. На своем  сайте  ты  уже  стал  помещать
чернуху (любители разложившихся трупов - торопитесь посетить сайт [0;1;32mLG [0;1m!!!) -
лишь бы привлечь внимание к своей захудалой персоне (тщеславие лезет  через
все дыры в твоей одежде).

  Мне искренне жаль всех мемберов и [0;1;32mEX-мемберов  SGWW[0;1m,  кто  поверил  этому
человеку. Вы старались изо всех сил для  процветания  группы,  а  он  одним
махом унизил вас.  От  этого  двурушника  теперь  (когда  он  показал  свое
истинное лицо) можно ожидать чего угодно  -  даже  шантажа  [0;1;32mEX-мемберов  [0;1mих
анкетными данными.
[1;35m                            The End of File