[40m[2J[40m
[0;1m[32C[0;1;35mD V L  # 2

[24C[0;1;33mОт редактора журнала DVL #2

   [0;1mС момента выхода в свет первого номера журнала DVL прошло 3 месяца. Весь
первый номер делался мной в одиночку, поэтому DVL #1 не обошелся без недос-
татков. Зато над DVL #2 работал целый коллектив авторов, и  мы  постарались
сделать журнал более интересным.
   Как заметит любой читатель, в журнале в большей мере освещены [0;1;32mBAT и  HLL
вирусы[0;1m; возможно потому, что им отдает предпочтение главный редактор ;)) На
мой взгляд, [0;1;32mHLL-вирусы [0;1mболее доступны для понимания основной части  читате-
лей, а [0;1;32mBAT-вирусы [0;1mнаиболее изощренные (по причине небольшого кол-ва BAT-ко-
манд). Таким образом, девизом нашего журнала может стать фраза:  "Вирусмей-
керсво - в широкие массы".
   К сожалению, в этом номере вы не найдете обещанное в первом номере  жур-
нала продолжение статьи [0;1;32m"BAT-virii tutorial"[0;1m. По "техническим причинам"  ее
издание переносится на более поздний срок. Вы сможете прочитать ее в  одном
из следующих номеров журнала.
   В этом номере вы увидете: 4 свежих [0;1;32mBAT-вируса[0;1m, 5 [0;1;32mHLL-вирусов[0;1m, 2 троянца,
[0;1;32mконструктор HLLO-вирусов [0;1mи несколько статей.
   К Новому Году ожидается выход третьего номера журнала  DVL.  Мы  пригла-
шаем всех интересующихся компьютерными вирусами к сотрудничеству.
   В третьем номере журнала DVL вы увидите статьи:

[9C[0;1;34mСтатья "Полиморфизм на паскале" part II
[9CHLLP.TRANS.Demo    [0;1m- пример полиморфизма на паскале
[9C[0;1;34mHLLP.TRANS.Master  [0;1m- совершенствование полиморфизма
[9C[0;1;34mHLLC.Smoller[7C[0;1m- вирусная гигантомания
[9C[0;1;34mTypeR[14C[0;1m- оригинальный COM-инфектор

   Авторы ждут читательских откликом по поводу журнала. Письма можно  посы-
лать по адресу smf@chat.ru. Советуем использовать при переписке  PGP-шифро-
вание. Открытые ключи авторов журнала можно найти здесь

[22C[0;1;33mВаш главный редактор, Duke/SMF
[1;35m                            The End of File