
[0;1;35m                     Продолжение письма LovinGod'a
[0;36m
   Что такое КОМПЛЕКC ЕПОЛОЦЕОCТИ ?
   Это исключительно порожденное обществом явление. Общество держится на
   тех уродах, которые страдают комплексом. Общественное мнение - продукт
   стада скотов - травит тех, кто не может (или не хочет) ему служить.
   "еполноценные" хотят, чтобы их приняли в стадо, и бесплатно работают на
   общество - только чтобы понравиться и быть "своими".
   Примеры в компьютерном мире - авторы freeware (те, кто не делает себе
   имя для получения работы), демомэйкеры. Вирмэйкеры не исключение, но,
   обладая некоторой злостью, стремятся делать назло, афишируя свой протест.
   Они либо будут раздавлены обществом как помешавшие, либо станут все-таки
   "нормальными" членами стада. О переосмыслении своих комплексов они и не
   думают, потому что стремление быть "как все" заложено в них с детства.

   ПАЦИФИЗМ. Особый вид вирмэйкеров-ублюдков, отягощенных комплексом непол-
   ноценности. В надежде стать своими в обывательском стаде, сочувствуя
   этому стаду, они стараются не наносить никому вреда. Они готовы "ответить"
   за свои вирусы, лебезя и мямля что-то о своей недеструктивности. Возможно,
   им удастся себя "оправдать".
   о - это те люди, которые влезли не в свое дело. Вирусы - не для них.
   Вирусы по сути своей размножаются и распространяются в живой природе.
   ПОЦИФИCТЫ, загнанные в клетку своей гнилой моралью, не выпускают из
   клетки и свои творения. Они "сдают" свои детища, публикуя еще не
   разошедшиеся  экземпляры в своих журналах, выступая за "свободу
   информации". а деле - это не личности, а комок сентиментальных слюней и
   соплей, или жалкие трУсы, боящиеся, что им кто-то по роже надает, не
   умеющие и не желающие бороться за что бы то ни было, в том числе за свое
   мировоззрение.

   Такие дети цветов RGB пытаются сделать из вирмэйкинга "общественно
   безопасное" явление. Их недалекости и дебилизму остается только
   удивляться. Cвои "убеждения" они распространяют громко и много,
   выставляя себя на всеобщее посмешище и недоуменное мычание общественных
   скотов.

   Вирус - существо, проникающее на компьютер без ведома владельца,
   могущее нарушить работу компьютера и, будучи глючно написанным, к тому же
   нанести вред данным. Это я мог доказывать тупорылым киевским фидорасам,
   что мы типа безвредны, и они же по своей тупорылости поверили в это, да
   и то частично.

   ПОЦИФИCТЫ, пишите демки и дарите их своим жабам, расплываясь в тупой
   улыбке.
   "Мне плевать на всех вирмэйкеров мира, когда я жду звонка от своей
   любимой девушки."(C)Ремайндер, из эхо-почты пвт.вирии.
   Этой фразой хотелось бы открыть еще один класс вирмэйкеров - сексуально
   озабоченных. Впрочем, к автору фразы - Ремайндеру - это не относится.
   "Я хочу научиться вирмэйкерству, чтобы от меня тащились бабы."(C)неважно,
   но типично. Они пишут вирусы, посвящая их своим жабам,- слюнявые создания,
   ламерящиеся ради того, чтобы обладать своей б.. любимой. Естественно,
   никакого прогресса на "вирусной сцене" от таких ждать не стОит - их удел -
   женатая жизнь и выводок будущих обывателей - мечта всей жизни.

   Отдельно хочу остановиться на вирмэйкерах из-за пределов совка.
   Обывательство в зажравшихся странах - нечто святое,поэтому все
   западное вирмэйкерство насквозь гнило.
   VLAD, 29A - я уважаю их, как профессионалов, но больше их уважать не за
   что - принципиальная травоядность их изделий говорит о трусости,
   самоафишировании и "политической корректности" авторов.
   Членами STEALTH group из несовковых граждан не стал никто, вечные
   кандидаты имеются.

   Жизнь - это игра, игра по неписаным правилам. И совершенно не значит, что
   если тебе сделать также больно, как ты кому то сделал, то делать больно
   другим - плохо в принципе. Это психологическая уловка закостеневших в
   своей стандартности родителей, подавляющих природный садизм в растущем
   человеке. Cоблюдение какой бы-то ни было общественной морали - это
   средство не закончить игру слишком рано за решеткой или в больничной
   камере вне досягаемости психбольницы Земля. Так что посушите над этим
   свои основательно промытые обществом мозги.
   А статья 273 УК РФ - это еще одно плохое правило, опасность, которую все
   игнорируют, показывая свою глупость и безрассудство.

  А CАМ ?
   Главное - мне удалось переосмыслить все, чем меня программировали, и
   выработать свои взгляды на жизнь, - взгляды гостя этой планеты -
   взгляд со стороны на этот копошащийся и упивающийся своей собственной
   серьезностью дурдом.
   Трудное детство, некомпьютерные игрушки... а IBM'е начал программировать
   только со 2 курса института. ПисАл игрушки, утилиты, прочее дерьмо и
   даже антивирус. Потом добрался до вирусов, и через года полтора после
   этого появилась группа.
   Все вышеописанные мерзости имели место и в моей жизни, но через все это
   удалось пройти без особых моральных потерь. Было это все в разной степени
   у меня, я не буду отрицать этого, но то, что было, "не смыть ни водкой ни
   мылом..." ПрошлО, чего и вам желаю. ПрошлО все, кроме ВИРМЭЙКЕРCТВА.
   Об этом - дальше.

  ЕУЖЕЛИ ВCЕ ВИРМЭЙКЕРЫ УЩЕРБЫ ?

   Да, практически все. А тех, кто не все, я был бы рад видеть в рядах
   уважаемых коллег, микросообщества интеллектуалов, считающих жизнь
   интересной, но сложной, достойной их интеллекта игрой, изобретателей
   современного мира - недипломированных профессоров и  академиков
   компьютерных наук, заряженных духом хакерства - желанием проникать и
   внедряться, завоевывать вражеские киберкрепости и безжалостно уничтожать
   всех, кто стоит на пути, свободных от комплексов, лишенных сострадания
   к гнилому обществу ублюдков - ламеров и опущенных(фидорасов)
   киберпространства.
   Это не фэнтези ;) - это реальность, и через надцать лет мир будет зависим
   от компьютеров. Где будете вы ? а фронтах мировой информационной или
   на обвисших грудях обрюзгшей жены под вопли ваших собственных
   деградировавших детей с мыслью о том, как же достала эта жизнь и клепанные
   цветные интерфейсы по работе ?

   Игра продолжается.

   адеюсь, что этот текст будет для тебя, среднестатистический вирмэйкер,
   зеркалом, и ты сможешь сделать соответствующие выводы.

   C надеждой, что среди полчищ ублюдков найдется хотя бы десяток стОящих
   Людей, с которыми можно сотрудничать и создавать организацию, а не лечить
   их запущенную ущербную психологию.

   LovinGOD, Президент STEALTH group, и по совместительству, Доктор больных
   на голову претендентов на звание вирмэйкера. (Могила вам доктор.)

   ------------------------------------------------------------------------
   EMail:  noxyucT@usa.net                      FIDO:   2:5020/1403.666
   NasNet: 505:10/666                           IRC:    EFNet #sgww
   WWW:    http://sourceofkaos.com/stealth
[1;36m=== Cut ===

Lurker
[1;35m                            The End of File