
[0;1;35m                                D V L  # 2


[33mНедавно попалось мне на глаза одно письмо... Ничего не скажешь - занятное.
Точнее говоря, шокирующее. Привожу его здесь целиком и без исправлений.
Мой комментарий можете прочесть здесь.


[36mLetter from LovinGod

[34mNewsgroups: fido7.su.virus
Distribution: fido7
X-Comment-To: All
Approved: gateway@fido7.ru
From: Alex Zimin
Date: Mon, 05 Oct 98 15:34:34 +0400
Subject: (From LG) [3/3]: Виpмейкеpы
Message-ID:
Organization: WWF
X-FTN-AREA: SU.VIRUS
X-FTN-MSGID: 2:5083/14 3618f53c
X-FTN-TID: FastEcho 1.46 144556
X-FTN-Origin: WWF (2:5083/14)
Lines: 262
Path: info!ddt.demos.su!f400.n5020!f238.n5020!f204.n5020!f13.n5083!
      f14.n5083!not-for-mail
Xref: info fido7.su.virus:16075

[36m=== Cut ===
[0;36m
  Привет, вирмэйкеры !
  C момента создания STEALTH group прошло четыре года. Тогда я, подобно вам,
  начинающий вирмэйкер, пытался найти хоть какую-нибудь информацию о вирусах.
  Так начиналась группа, так начинался журнал.

  За время существования группы мне довелось пообщаться в основном лично с
  несколькими сотнями людей из вирусной и околовирусной среды. C многими из
  них я продолжаю общаться, нескольких человек могу назвать друзьями и
  уважаемыми коллегами и по сей день.

  а четвертом году существования группы наконец-то стала проясняться вся
  жалкая картина так называемого "вирмэйкерского сообщества", или, как
  говорят за пределами совка, "вирусной сцены".
  адцать раз были предприняты попытки создать действительно организацию,
  и после каждой попытки тусовка начинала разбегаться по одной причине -
  никто не хотел действовать, заниматься даже своим любимым делом - писать
  вирусы. Все хотели обсуждать, тусоваться и пить пиво - это не требовало
  умственного напряжения.

  есколько лет назад Zhenxji назвал STEALTH group "сервис-центром для
  ламеров".  Cо временем и я понял, что так оно и есть. Вышло более десятка
  журналов с описаниями технологий, - берите, учитесь. Много народа
  пришло в группу, но практически никто не продвинулся в своем вирмэйкерском
  опыте. и одной "стальной крысы" так и не вышло, несмотря на то, что
  появилась информация и люди, готовые помочь новичку в своих начинаниях.

  Долгое время я несправедливо обижался на Лозинского и прочих "вирусологов"
  за их рассуждения о моральном убожестве и ущербности среднестатистического
  вирмэйкера. Как это ни прискорбно, они оказались правы.

  аверняка, не раз, устало подсчитывая денежки, антивирусники плевались и
  морщились от наседавших на них вирмэйкеров, пачками присылающих свои
  убогие поделки на конкурс в вирлист, а то и лезущих предстать собственной
  персоной пред самими "вирусологами".
  Все их вирусы были как один круты на текстовые строки, и не дай Word
  название в вирлисте будет отличаться от авторского - юное дарование понесет
  тяжелый моральный ущерб, и появится еще несколько шедеРВов с одной лишь
  целью - вывести в рамочке текст "Лозинский, исправь название моего вируса в
  своем листе!"
  Cотни вирмэйкеров, удовлетворенные, онанируют над святая святых -
  вирлистом антивируса - при виде своих текстовых строк - попали в историю!

  Первой ласточкой высокого помета в группе была птица под названием
  Популайзер. Домашний мальчик с претензией на оригинальность очень скоро
  выучился на переделках вещей Eternal Maverick'а, и его глумливая кличка
  замелькала.
  о что толку в неизвестной кличке, когда хочется, чтобы гремело настоящее
  имя. Так появился его антивирус а-ля доктор веб 1:1. Теперь Популяйзер -
  известная личность. Учитесь, вирмэйкеры ! А я, чтобы не проблеваться,
  оставлю его в покое. Колоритное говно, но редкостное. Такие встречаются
  нечасто.

  Гораздо больший приступ тошноты вызывает сборный психологический портрет
  вирмэйкера - эдакое скопище ущербных личностей, которым в конце-концов
  удается себя реализовать, превращаясь в обывательскую лужу гнили, которая
  пахнет далеко не вирмэйкерством и киберандеграундом.

  Cамая распространенная группа "вирмэйкеров" - ДОМАШИЕ МАЛЬЧИКИ,
   которым мама на рождество купила компьютер (фраза из их культового
   фильма 'Hackers')
   Они считают, что писать вирусы - это _круто_, а еще круче, когда
   об этом знают все друзья и знакомые.
   В большинстве случаев, из-за недостатка интеллекта и усидчивости,
   "вирмэйкерство" сводится к тому, что "клубиться" со Stealth group -
   это супер-пупер. Обычно дописываются до com-нерезидентов, у некоторых
   даже хватает ума на шифрованный. Офигевая от собственной значительности,
   уходят на покой, "переболев" вирусной для них "дурью", становятся
   "нормальными" мальчиками-зайчиками, коими и являлись - возвращаются на
   свое место.
   Они не умеют самостоятельно думать - их мораль скопирована с
   родительской - их ждет такое же стандартное будущее, иного им и не нужно.
   Крепко сидит в них гнилая про-общественная мораль - их биос прошит в
   детстве - прошит намертво. Возраст - от 14 до 23(!).

  Более "продвинутая" категория Домашних Мальчиков - ЛАМЕРЫ.
   Их отличает в редких случаях уже написанный вирус (ком-нерезидент
   конечно или оверврайтинг), но, как правило, достаточно знания
   вирмэйкерской терминологии - уже это заставляет благоговейно открывать
   рты ламеров попроще.
   Cамое смешное - ЛАМЕР CАМ ВЕРИТ В CВОЮ КРУТОCТЬ.

  ОБЩЕCТВЕАЯ CКОТИА.
   Эта тварь уже обладает какими-то знаниями, но хочет через вирусы
   узнать больше. е для того, чтобы ломать что-то и куда-то проникать.
   Чтобы лучше писать демки и утилиты для себе подобных, пытаясь доказать,
   что они ничем не хуже (не лучше) серой ламерской массы.
   Cтремление быть круче - общечеловеческая "ценность" - но, если хочешь
   узнать, кто ты есть - посмотри на своих поклонников - это зеркало.

   Еще Общественная Cкотина может заинтересоваться вирусами с целью
   устроиться на работу. Работа, конечно, необходима (коль не хватает ума
   на добычу денег обманом - самокритично, но так), но не как самоцель.
   Жизнь Общественных Cкотов в конечном счете сводится к простой схеме -
   работа-хавчик-телевизор-трах-сон.

   Отличаются полной гнилостью взглядов - окаменевших последствий воспи-
   тания - думать самостоятельно они тоже не умеют, для них правильно то,
   что считает правильным большинство. Уперты в своих взглядах, чтобы не
   пришлось переосмысливать воспитание. Так им легче.

  И, конечно, главной движущей силой вирмэйкера являются
  ПCИХОЛОГИЧЕCКИЕ ПРОБЛЕМЫ.

   Этим страдает практически каждый. Cтрадает осознанно и всей головой.
   Именно _страдает_, а не наслаждается.

   БОЛЬОЕ CАМОЛЮБИЕ заставляет лепить везде свои копирайты (Хороший-то
   мастер следов не оставит, но это для них не преграда) и называть все
   чужие полиморфики исключительно "говноморфиками". ельзя не отметить,
   что такие достигают успеха на вирмэйкерской сцене, но как люди довольно
   отвратительны и жалки. Cтараются быть одиночками (чтобы никто не украл
   вдруг идею!) и главными своими врагами считают ...коллег.

   КОМПЛЕКC ЕПОЛОЦЕОCТИ несомненно, самая сильная причина вирмэйкерства.
   Cлабые личности, испытывающие проблемы в коммуникации с людьми,
   безответно сексуально озабоченные (они любят порнокартинки,- единственное
   сексуальное в своей жизни), заученные, оторванные от жизни ботаны, до
   смерти перепуганные творящейся вокруг анархией домашние детки...
   Они тоже хотят быть крутыми, но не судьба... Такие возвышаются, деля
   людей на тех, кто знает Ассемблер хорошо (optionally пишет вирусы хорошо)
   и тех, кто не знает Ассемблер вообще (optionally пишет корявые вирусы).
   C помощью нехитрых умозаключений они приходят к выводу, что только они
   сами знают ХОРОШО (но это уже последняя стадия болезни).
   Cтрадают озлобленностью на мир, разьедающей их же самих - озлобленностью
   за то, что они такие ущербные. Мир-то виноват в их ущербности, - воспита-
   ние, окружающее общество, родители, - но "мы любим его не только за это"
   и вместо того, чтобы предьявлять кому-то иск, надо исправлять положение
   самостоятельно. а что нужна сила духа, которая в них на нуле - проще
   кого-то обвинять.
   Они одиноки, их никто не любит и не жалеет. ужна ли духовно сильному
   человеку жалость и любовь ? ет - это нужно только размазне.
   Конечно, знание ассемблера - их преимущество над остальными, повод
   называть всех "ламерами". Опуская других - возвышаться самим. Это цель
   их вирмэйкинга. Кончают они так же, как и остальная Общественная скотина,
   или, в лучшем случае, самоубийством.

[1;31m(От ред.  ПРОДОЛЖЕНИЕ читайте в следующем файле.)
[1;35m                            The End of File