
[0;1;35m                                D V L  # 2

[33m                          Полиморфизм на паскале
                                  Part I
                              (c) by Duke/SMF
                                Продолжение

[34mНемного технических подробностей
[37m
При мутировании вируса  используются  переключатели  директив  компилятора.
Стоит подробнее рассказать о них - что они означают и как влияют на  работу
компилятора. Символ "+" за директивой означает ее разрешение, а "-" -  зап-
рет. Отмеченные символом "*" директивы называются локальными и дейтсвуют до
отмены. Описание на директивы дается  при  переключателе,  установленном  в
"+", а в скобках - для случая "-".


[36m{$A+}[37m   - выравнивать данные награницу слова (байта)
          [при A+ все переменные и константы длиной более байта
          выравниваются по четным адресам и между ними образуются промежутки;
          в противном случае они размещаются одна за другой]
[36m{$B+}[37m * - вычислять логические ыражения полностью (до получения результата)
          [генерируется машинный код разного содержания]
[36m{$D+}[37m   - разрешить (запретить) работу со встроенным отладчиком
[36m{$E+}[37m   - включить (отключить) режим программной эмуляции сопроцессора
          [при E+ к программе добавляется библиотека программной эмуляции
          сопроцессора]
[36m{$F+}[37m   - использовать дальнюю FAR (ближнюю NEAR) модель вызова
[36m{$G+}[37m * - использовать (не использовать) полный набор команд микропроцессора
          Intel 80286 (микропроцессора Intel 8088)
          [эта директива появилась в TP 7.0]
[36m{$I+}[37m * - включить (отключить) контроль операций ввода-вывода
          [при I+ генерируется дополнительный код, который проверяет ошибки
          после каждой операции ввода-вывода, при обнаружении ошибки
          программа останавливается]
[36m{$L+}[37m   - включить (не включать) локальные символы в информацию для
          отладчика
[36m{$N+}[37m   - использовать числовой сопроцессор (реализовать операции с
          плавающей точкой программно)
[36m{$O+}[37m   - разрешить (не разрешать) создание оверлейной структуры
[36m{$R+}[37m * - включить (отключить) контроль границ диапазона
[36m{$S+}[37m * - включить (отключить) контроль возможного переполнения стека
          [при S+ генерируется дополнительный код, проверяющий стек на
          переполнение]
[36m{$V+}[37m * - включить (отключить) контроль длины строк при обращении к
          процедуре или функции
[36m{$X+}[37m   - использовать (не использовать) расширенный синтаксис
          [эта директива появилась в TP 7.0]


К моему большому сожалению (по техническим причинам) в этом номере  журнала
не удалось опубликовать окончание статьи и исходник вируса [32mHLLP.TRANS.Demo[37m.
В следующем номере журнала вы увидите окончание статьи "[32mПолиморфизм на пас-
кале[37m" и примеры применения технологии  [32mTRANS[37m  -  вирусы  [32mHLLP.TRANS.Demo[37m  и
[32mHLLP.TRANS.Master[37m.
[1;35m                            The End of File