[40m[2J[40m
[0;1m[32C[0;1;35mD V L  # 2

[20C[0;1;33mОткрытые PGP-ключи авторов журнала

[0;1;34m===== Cut here =====
[0;1mType Bits/KeyID    Date[7CUser ID
pub  1024/98AB2C71 1998/10/06 [0;1;32mDuke/SMF

[0;1m-----BEGIN PGP PUBLIC KEY BLOCK-----
Version: 2.6.3ia

mQCNAzYagQoAAAEEANtPcjOSDmpDGnGOSCmqdduI2f3PnBLuK2KgzIXfz+m/IQOu
VRqhcCcJ4Yz9FGUSNB6UFmzFT1WiWEZX9BthsndlHXxeGX8BElaIXAZtkhL7REoC
mnEu5nptNZc5lQBk2EzoMO+TaZCJ+PU53Oun8EcqiAPbo7VNJjIJtSiYqyxxAAUR
tAhEdWtlL1NNRokAlQMFEDYagQsyCbUomKsscQEBBJ4D/jEYsBNHoR0/RUwlxGMS
ubPNkgB8+S6SkjM4pfF/sebNVI3WhJpa0CrMOEiI0NnTvvqrZd9mV9tJU2SYRHCC
/iYaNxmHyvVnye5VTn7oQMz/PdBZR4/hhRrOeJw2OsL35FesdHkOkbrGCZwIxCKO
2boK28gnJvcGSfWMN9PfK55N
=dHJM
-----END PGP PUBLIC KEY BLOCK-----

Type Bits/KeyID    Date[7CUser ID
pub  1024/3A4BE2B5 1998/10/16 [0;1;32mSMT

[0;1m-----BEGIN PGP PUBLIC KEY BLOCK-----
Version: 2.6.3ia

mQCNAzYmkkEAAAEEANkHdA7wZ5wKmVLMq7SZgypT+BeT3GtysRPzOrClh395pEHv
umxHkycZu9mk+PklaOiPS+seaC9UE0SR7EOB2dhSLqC914FTzvf7b9BH0q+YCIgt
/2dKrvAd1jO/yDz6pWH96Hds43A6Xfuj70lojbXEctG0yP1r2eHgLsY6S+K1AAUR
tANTTVSJAJUDBRA2JpJB4eAuxjpL4rUBAWC2BACvtDkTupbx9pKl+hsnYAwj8AJe
hXkptbnhhA3jaaDET7FngwJ5vBG7oZ8A4BxwqVa65cXZ1BZ22wpryubjY0VPg0u5
jO8g0zQBVrdup9mFenWVnQaN/eXnYRv0Dk1g2Dx98F7LjymqbSHiDeORrqSjSIei
BSTd0mmRf5eYSCUhkQ==
=FtIv
-----END PGP PUBLIC KEY BLOCK-----
[0;1;34m===== Cut here =====
[1;35m                            The End of File