V_ZONE
  ├─SOURCE
  │   ├─WWORD
  │   │   wword.vz      - описаловка WinWord вирусов
  │   │   cybers_v.doc  - WinWord вирус
  │   │
  │   └─EXAMPLE.ASM
  │       example1.asm  - простой вирус для начинающих
  │       example2.asm  - простой шифрованный вирус для начинающих
  │       example3.asm  - простой полиморфный вирус для начинающих
  │       compile.bat   - BAT файл компилирующий примеры
  │       file_id.diz   - информация о вир-примерах
  │
  │     tiny.asm        - очень маленький вирус
  │
  ├─HISTORY
  │     v_zone.inf      - информация о создании данного журнала
  │
  └─TECH
      ├─ANTYDBG
      │   a_run.asm     - программа антитрассировочной защиты
      │   notrace.asm   - программа антитрассировочной защиты
      │   notrace2.asm  - программа антитрассировочной защиты
      │   antidbg.txt   - текст на английском с описанием  антитрассировочных
      │                   приемов
      │
      └─TSR
          hidden.asm    - невидимый резидент
          hidden2.asm   - невидимый резидент
          small.asm     - способ подвески резидента с минимумом использования
                          памяти

        peace.asm       - использование вирусных  технологий в "мирных" целях
        s_path.asm      - поиск перменной PATH и COMMAND.COM
        search.asm      - рекурсивный поиск файлов
        start.asm       - запуск программы из программы-носителя
        trace_21h.vz    - трассировка 21h прерывания
        windows.vz      - как обломать Windows 95








