[2J[8C[0m‹‹‹‹‹€€€[15C‹‹‹‹‹€€€€‹‹≤‹[15C‹‹≤‹‹€€€€‹‹‹‹
   ‹≤€€€€€€[1;47m‹‹[0m€€›[10C‹‹€€€€[1;47m‹‹≤‹±∞∞[0m€€€€€€€€‹‹[5C[1m€[0m‹€€€€€€[1;47m‹‹‹±[0m€€€€€€€€€‹‹
‹€€€€€€[1;47m‹≤≤€≤[0m€€€›[7C‹€€[1;47m‹‹≤≤≤≤≤€±±∞[0m€€ﬂ€€€€€€€€€€  €€€€[1;47m‹‹€≤≤€≤±∞[0m€€ﬂ€€€€€€€€€€
ﬁ€€€[1;47m‹€≤≤±±≤± [0m€≤[6C[1;31;41m∞[0;31m [37mﬁ€€[1;47m€≤≤±±±≤∞∞∞[0m€€›[31mﬁ[37mﬁ€[1;47m∞[0m€€€€€€€€ ﬁ€€[1;47m€≤≤≤±±≤±∞[0m€€› ﬁ€€€€€€€€€€
[A[79C [31m∞[37m€€[1;47m€€≤±±±∞±∞[0m€€€[6C[31m‹€ [37m€€[1;47m€±±∞±∞±∞[0m€[1;47m∞[0m€€ [1;31;41m∞[0;31m›[37m€€€€€€€€€€›ﬁ€€[1;47m≤±≤≤∞±±∞[0m€€€ [31m‹ [37m€€[1;47m∞[0m€€€€€€€
[A[79C [31m›[37m€€€[1;47m€±∞±∞∞∞∞[0m€€›[7C[1;31;41m±[0;31m›[37m€€[1;47m≤±∞[0m€[1;47m∞∞±[0m€€€€›[31mﬁﬂ[37mﬁ€€€€€€€€€€›ﬁ€€[1;47m±∞±±∞∞±[0m€€€›  [31m›[37m€€€€€€€€€€
[A[79C [31m€[37mﬁ€€[1;47m€±∞∞∞[0m€[1;47m∞[0m€[1;47m∞[0m€›[7C[31m€›[37mﬁ€[1;47m±∞[0m€€€[1;47m∞∞∞[0m€€€›[31mﬂ‹[37mﬂﬂﬂ€€≤[1;47m∞[0m€€€€[31mﬁ[37mﬁ€€[1;47m±∞±∞[0m€[1;47m∞∞[0m€€€› [31mﬁ›[37m€€€[1;47m∞[0m€€€€€€
[A[79C›[1;31;41m±[0mﬁ€€[1;47mﬁ∞[0m€[1;47m∞∞[0m€€€€€[7C[1;31;41m∞[0;31mﬁ[1;41m∞[0m≤€[1;47m∞[0m€€€€€€€€€€‹‹‹‹‹[1;31;41m∞[30;40m    [0mﬂﬂﬂ€[1;31;41m∞[0mﬁ€€[1;47m∞∞∞[0m€€€€€€€ [1;31;41m∞[0;31mﬁ›[37m€€€€€€€€€€
[A[79C›[1;31;41m∞[0;31m›[37m€€[1;47mﬁ∞[0m€€[1;47m∞[0m€€€€€   ‹‹≤‹‹‹‹[31mﬂ [37mﬂﬂﬂﬂﬂﬂﬂﬂﬂﬂﬂﬂﬂﬂ€€€€€€€‹‹‹ [31mﬁ›[37m€€[1;47m∞[0m€[1;47m∞[0m€€€€[1;47m∞[0m€€  [1;31;41m±[0;31m›[37m€€€€€€€€€€
[A[79C›[31m€ﬂ[37m€€€€€€€[1;47m∞[0m€€€› [31mﬂ‹[37mﬁ€€€[1;47m∞[0m€[1;47m∞[0m€€‹ ﬂ€€€€€€‹‹ [31m€‹[37mﬁ€€€€[1;47m∞[0m€€€[1;47m∞[0m€‹[31m›[37m€€€€€€€€€€€≤  [31m€[37mﬁ€€€€€€€€≤€
[A[79C›[31mﬁ€[37mﬁ€€€€€€€€€€›  [31m≤›[37m€[1;47m∞[0m€[1;47m±∞±≤[0m€€€ €€€€€€€› [31mﬁ[1;41m±[0;31m [37m€[1;47m∞[0m€[1;47m∞∞∞[0m€[1;47m∞±[0m€›[31m‹[37mﬁ€€€€€€€€€€›  [1;31;41m∞[0mﬁ€€€[1;47m∞[0m€€[1;47m∞[0m€€€
[A[79C›[31mﬁ€[37mﬁ€€€€€€€[1;47m∞[0m€€  [31m‹ﬂ[37mﬁ[1;47m∞∞∞±±≤€[0m€€›ﬁ€€€€€€€ [1;31;41m∞[0;31m‹ﬂ[37mﬁ[1;47m∞∞∞±±∞∞±≤[0m€›[1;31;41m∞[0mﬁ€[1;47m∞[0m€€€€€€€€  [31m‹›[37m€€€[1;47m∞∞[0m€[1;47m∞∞ﬁ[0m€€
[A[79C  [31m€›[37m€€€€[1;47m∞[0m€€€€€€‹‹€[1;47m∞±±±≤≤€[0m€€€ ﬁ€€€[1;47m∞[0m€€€€‹‹€[1;47m∞±±∞≤±±±≤€[0m€›[1;31;41m±[0;31m›[37m€€€€€€€€€€€‹‹€€€[1;47m∞∞±∞±±ﬁ[0m€€
[A[79C  [1;31;41m∞[0;31m›[37m€€€€€€€€€€€€€[1;47m∞±≤≤≤≤€ﬂ[0m€€€ €€€€€[1;47m∞[0m€€€€€€[1;47m±≤≤±≤≤≤≤€ﬂ[0m€›[31mﬂ›[37m€€€€€€€€€€€€€€€[1;47m∞±±±±±≤€[0m€€
[A[79C[1;31;41m∞[0;31m ﬁ€[37mﬁ€€€€€[1;47m∞[0m€€€€€[1;47m∞±≤€€ﬂﬂ[0m€ﬂ‹‹‹‹‹ﬂ€€€€€€€€€[1;47m‹≤ﬂﬂ≤€€ﬂﬂ[0mﬂ‹‹‹[1;47m≤[0m‹ﬂ€€€€€€€€€€€€€[1;47m∞±≤≤≤≤ﬂﬂ[0m€€
[1;31;41m∞[0;31mﬁ€ [37m≤€€€€€€€€€[1;47mﬂﬂﬂﬂ[0m€€€€ €[1;47m±≤[0m€€[1;47m∞[0m€ €€€€€€[1;47mﬂ[0m€€€€≤€€€€ €[1;47m±±[0m€[1;47m∞[0m€€ €€€€€€€€€€€[1;47m∞ﬂ≤ﬂﬂ[0m€€ﬂﬂﬂ [1;31;41m∞[40m
[A[79C[0m [31m  €€ [37m€€€€€€€ﬂﬂﬂﬂﬂ [31m‹‹ ‹[37mﬁ€[1;47m≤±∞∞[0m€[1;47m∞[0m›€€€€ﬂﬂﬂﬂﬂ [1;31;41m∞[0;31m‹[1;41m±≤[0;31m‹ [37mﬁ€[1;47m≤±∞∞[0m€≤ €€€[1;47m∞[0m€€€ﬂﬂ≤ﬂﬂ [31m‹‹‹‹‹[1;41m≤[0;31m˛ﬂ
   ﬂ[1;41m∞[0;31m‹[37mﬂ€ﬂ [31m‹‹[1;41m ∞±[40mﬂ[0;31mﬂﬂ∞ ﬂ≤‹[37mﬂ[1;47mﬂ≤±∞[0m€ﬂ ﬂ    [1;30m [0;31m‹≤ﬂﬂﬂﬂﬂ ∞ﬂ‹[37mﬂﬂ€[1;47m∞[0m€ﬂ   ﬂ€ﬂ [31m‹[1;41m±[0;31m‹‹‹ﬂ[1;41m∞[0;31mﬂﬂ   [1;41m±[40m
[0;31m    [1;41m±[0;31mﬂ€‹‹ﬂ≤[11Cﬂ‹≤‹[37mﬂﬂ [C[31m∞ﬂ‹‹‹[1;41m∞±[0;31m€[10Cﬂ≤‹‹‹ﬂ˛  ﬂ‹ﬂﬂﬂ[1;41m∞[0;31m‹
[3C˛€€[1;41m∞±∞[0;31m‹   ﬂ≤ﬂ[1;41m∞[0;31m€ﬂﬂ  ‹ﬂ˛[37m  [C[31m±[C[37m  [31mﬂ€≤[1;41m∞[0;31mﬂ˛[37m   [31m‹‹≤€˛ﬂ[1;41m∞±[0;31mﬂ˛ ‹˛[Cﬂ[5C‹‹€[1;41m∞±[0;31mﬂﬂ[1;41m∞[0;31m˛‹‹[1;41m∞[0;31m≤€ﬂ≤
[5C≤ﬂﬂ≤€[1;41m∞±[0;31m‹    ‹‹‹[1;41m∞[0;31m≤ﬂ [37m   [31mﬁ≤›[37m      [1;30m [0;31m‹‹€≤€˛±≤› ≤› ﬂ‹‹‹‹[1;41m∞[0;31m‹‹[1;41m∞[0;31m€€ﬂ[1;41m∞[0;31m›    [1;41m±[0;31m   ﬂﬂ  ±
[5C±    ˛ﬂﬂ€€€€ﬂﬂﬂ˛ €[3C[37m [31mﬂ[1;41m∞[0;31mﬂ[37m [1m [0;31m‹‹‹[1;41m∞±[0;31m€ [1;41m∞ [0;31m› ∞±  ±[5C[1;41m∞[0;31mﬂﬂﬂ[1;41m±[0;31m    [1;41m±[5C≤[7C[0;31m∞
[5C∞   ∞[6C≤[5C≤   [37m  [31m‹‹€ﬂﬂ€≤[1;41m∞[0;31mﬂ˛ [1;41m±[0;31m≤›  ∞  ∞[14C[1;41m≤[0;31m  ∞
[9C±  ﬁ   ±  ∞  ± ‹‹≤ﬂ [1;41m∞[0;31m›  ﬁ[1;41m∞[4C[0;31m≤±[10C∞[21C∞
[9C≤  ﬁ   ∞  ±  ∞ ﬂ ±  ﬁ    €    ±∞[30mfor[31m∞[30mcustom[31m±[6C∞[6C∞[7C±
[9Cﬂ  [1;41m∞[6C[0;31m≤[5C∞∞  ﬁ    €    ∞[30miNK anziz, [31m≤[6C±[6C±[6Cﬁ≤›
[5C∞[5Cﬁ[1;41m±[0;31m›[5C€   ∞ ±   [1;41m∞[4C∞[0;30mjust ask fer em.[31m€[6C≤[5Cﬁ≤[6Cﬂ[1;41m∞[0;31mﬂ
[5C∞∞[5Cﬂ[6C[1;41m∞[3C[0;31m± ≤  ﬁ[1;41m±[0;31m›  ﬁ[1;41m±[0;31m›[30mwrite [31m›[30mto[6C[1;31;41m∞[0;31m›[5Cﬂ[6C[1;41m∞[0;30mwow! you must
[A[79C[37m [5C[31m±∞[11Cﬁ[1;41m±[0;31m› ﬁ≤‹[1;41m∞[3C[0;31mﬂ   [1;41m±≤±[0;30mdanny.[31m›[30mquinn@ [1;31mﬁ[41m±∞[12C[0;31mﬁ[30mhave alot of
    [31mﬁ≤± ∞[30mfuck you [1;31;41m±≤[0;31m›˛ﬂ[1;41m∞[0;31mﬂ›[7Cﬂ[1;41m±[0;31mﬂ[30mwisebb[1;31;41m∞[0;30ms.com  [1;31;41m±≤±[0;31m›  ∞[5C[30mtime on your hand
[A[79Cs    [1;31;41m∞[0;31m€≤∞±[30mpal.[6C[31mﬂ    ﬁ[16Cﬁ[1;41m±[0;31m›[6C[1mﬂ[41m±∞[0;31mﬂ  ±   ∞[30mif you found all
    [31m€≤€±≤[19C∞[13Cﬂ[13C≤   ±›[30mthe[31m‹[30mse messages..
[A[79C.   [31mﬂ€[1;41m∞±[0;31m≤[1;41m∞[0;31m‹˛   ∞   ∞ [30mkiss my [31m±[30mi was in the shower and[31m∞   € ‹€≤› ›‹ [1;30mmutha' fuckin
[A[79C'[5C[0;31mﬂﬂﬂﬂ[5C±   ±   [30mazz!  [31m≤[30mi...[31m∞[30mhad to go... [31m∞    ± ‹‹[1;41m∞[0;31m›€[1;41m∞[0;31m€[1;41m∞[0;31m‹€ ‹  [1;30mbloody ansi
[A[79C[0m [13C[31mﬁ≤   ≤[9Cﬂ    ±   ∞[9C± ∞  ≤› [1;41m∞±[0;31m≤[1;41m∞±[0;31m≤€[1;41m∞[0;31mﬂﬂ [1;37m‹‹  [30mboyz!~;^,
[A[79C[0m [13C[31mﬁ€   ﬂ[12C∞‹≤€€ ±‹‹[6Cﬁ≤ ±  [1;41m±[0;31m›‹[1;41m∞[0;31m≤€€ﬂﬂ [1;37m‹‹[47m€≤€€€[40m
[6C[0;31m∞[6C[41m [1m∞[0;31m›[12C∞ ‹±[1;41m∞±∞[0;31m› ≤€  ˛‹‹  ﬁ[1;41m±[0;31m‹≤ ‹[1;41m∞[0;31m€€ﬂﬂ [37m‹‹[1;47m∞∞±≤±≤≤€€≤[40m
[5C[0;31m∞±[6Cﬂ[1;41m±[0;31mﬂ[8C∞   ±yﬂ≤[1;41m∞€[0;31m€ €ﬂ  [1;30m∞ [0;31m≤ ˛‹[1;41m±≤±[0;31mﬂﬂﬂﬂ [37m‹‹≤[1;47m∞∞∞±±∞±∞±±≤≤€€[C[30;40m∞
[5C[0;31m±≤›[30mthiz anzi wa[31m∞[30mz  [31m±  ﬁ≤uﬂ›€[1;41m≤[0;31m› [1;41m±[C[30;40m∞ ± [0;31m±[37m∞ [31m€[1;41m∞[0;31mﬂﬂ [1;37;47m±[40m‹[47m±±≤±∞[0m€[1;47m∞[30m∞[0m€[1;47m∞∞∞[0m€[1;47m∞∞±±±[40mﬂ [30m±
    [0;31mﬁ≤ﬁ≤[30mfinished on [31m± ›ﬁ≤‹‹ﬁ[1;41m∞[0;31mm ‹€[1;41m±[0;31m›€[1;41m∞[C[30;40m± ≤ [0;31m∞[37m±  [1m‹‹[47m≤≤±∞∞∞±±∞[0m€[1;30;47m±±±∞[0m€[1;47m∞[0m€€ﬂﬂ ‹‹ [1;30m≤
    [0;31mﬂ˛ﬂ[30m11/20/95...  [31m≤€›ﬁ[1;41m∞±[0;31m≤€ﬂ‹ €ﬁ[1;41m∞[0;31m€ [1;30m˛‹≤ﬂﬂ [0m‹≤[1;47m€≤≤±∞∞∞[0m€≤€[1;47m∞∞∞[30m∞≤€≤±[0mﬂﬂ  ‹€[1;47m∞±[0mﬂ [1;30m€
[6C[0;30m7:47 p.m.[5C[31m€€ ﬂ ﬂﬂ ‹ €[1;41m∞[C[0;31m€€ [1;30mﬂ [37m‹‹[47m∞[0m≤[1;47m∞±≤±∞∞[0m€[1;30;47m∞∞[0m€‹[1;30;47m∞[0m€€€[1;30;47m∞[0mﬂﬂ ‹‹[1;47m∞[0m€ ﬂﬂ [1;30m‹‹˛
[8C[0;31m∞    ∞[5Cﬂ≤€€[1;41m∞[0;31m≤€€ﬂ€€€ﬂ  [37m‹‹[1;47m∞±±≤±[0m€€[1;47m∞±∞[0m€€≤[1;30;47m±∞∞[0m€€ﬂﬂ ‹‹[1;47m∞±[0m€ﬂﬂ [1;30m‹ﬂﬂﬂ≤
[7C[0;31mﬁ±‹ﬂ˛ ∞   [1;30m∞   [0;31m‹ ﬂ€€  ﬂ [37m‹‹€[1;30;47m∞∞[0m€€[1;47m∞[0mﬂﬂﬂ[1;47m∞[0m€€[1;47m∞  [30m∞±≤[0mﬂﬂ ‹[1;47m∞[0m€€ ﬂﬂ [1;30m‹‹ﬂﬂ≤af ±
[5C[0;31m‹€[1;41m±[0;31m≤[1;41m∞[0;31m€ﬂ€≤‹  [1;30m± [0m∞  [31m˛ﬂﬂ [37m‹‹€[1;47m∞±∞[0m€[1;30m≤[0mﬂﬂ  ‹‹[1;30;47m∞ ∞[0m€€€ﬂﬂ [1m‹‹[47m±∞[0m€ﬂﬂ [1;30m‹ﬂﬂﬂ   [0;31m‹‹‹‹
[5C€[1;41m∞≤±∞[C[30;40m∞  [0;31mﬂ˛ [1;30m≤ [0m±  ≤‹€€[1;47m∞[0m€[1;47m∞±[0mﬂﬂ  ‹‹[1;47m∞[30m∞±≤±∞[0mﬂﬂ   €[1;47m±≤[40mﬂﬂ [0;31m‹ ∞    ˛ﬂﬂﬂ€€€[1;41m∞[0;31m€[1;41m∞[0;31m€‹
[6Cﬂ≤[1;41m∞[0;31mﬂ [1;30m±yah‹ﬂ˛[37m‹[0m≤[1;47m∞∞[0m€[1;47m∞∞[0m€ﬂﬂ  ‹‹[1;47m±±∞∞[0m€[1;30;47m∞[0mﬂﬂ    ‹‹[1;47m∞±[2C[0;31m‹€[1;41m±[0;31m€ ±[9Cﬂﬂ€[1;41m∞±∞[0;31m€€
[7C±   [1;30m≤ ˛ﬂ[0m‹[1m€[47m€≤±±[0m€[1;47m∞±[2C[0m‹‹€[1;47m∞∞±≤±[0mﬂﬂ ‹‹˛ ‹ﬂﬂﬂﬂ[1;47m±±±[C[0;31mﬂ[1;41m∞≤[0;31m€ ≤ €[10Cﬂ[1;41m≤±∞[40m
[7C[0;31m∞  [37m‹‹€‹ ﬂ≤[1;47m≤±±∞∞∞≤±∞∞[30m∞±[37m∞[0mﬂﬂ ‹‹[1;47m∞∞[0m€ ‹[1;47m±∞[0m‹[1;30m˛€  [37;47m€≤±[C[0;31mﬂ[1;41m∞[0;31m€ €›ﬂ[1;41m∞[11C[0;31mﬂ
   ∞[5C[37mﬂ [1;30m‹[0mﬂ€ﬂ €[1;47m±∞[0m€[1;47m∞±≤€≤±[0mﬂﬂ [1m‹[47m∞∞[0m€[1;47m±≤±∞∞[C[0mﬂﬂ[1;47m∞[0m€ [1;30m≤   [37;47m±∞[0m€ [1;31;41m∞[0;31m›ﬁ[1;41m∞[0;31m€ [1;41m±≤[0;31m‹[6C∞
   ±[8C[1;30mﬂ [0m‹[1;30;47m±∞[37m∞[30m∞[37m∞±≤[0mﬂﬂ [1m‹‹[47m€≤±∞[0m€[1;47m∞±∞∞[0mﬂﬂﬂ [1;30m≤[0mﬂ[1;47m∞[0m‹ [1;30m›  [0mﬁ[1;47m∞[0m€ [31m€€ ﬂﬂ [1;41m∞±∞[0;31m€[5C±
  ﬁ≤[7C€ [37mﬂ[1;30;47m∞≤±[0m≤ﬂﬂ ‹‹ €[1;47m±≤≤±∞[0m€€ﬂﬂ [1;30m‹‹‹ €ﬂ  [0mﬂ˛  ‹[1;47m∞[0m€ [31m‹€€≤ ﬂﬂ  [1;41m∞[0;31m€€   ˛≤›
   ﬂ  ∞    €€[1;41m∞[C[0mﬂ [1m˛‹[47m≤±∞[C[30;40m∞ [37;47m∞±±[0mﬂﬂ [1;30m‹‹€€€∞€ ﬂ˛    [0m‹[1;47m∞±[0mﬂ [31m‹€[1;41m∞[0;31m€±    ›€[1;41m∞[0;31m€   ‹ﬂ˛
[6C±    ﬁ[1;41m∞[0;31m€€[1;41m∞±[C[37;40mﬂ[47m€≤±[C[30;40m± [0mﬂ [1;30m‹‹≤€€€€€∞ €≤  [0m‹‹[1;47m∞±[0m€ﬂ [31m‹[1;41m∞exo[0;31m ∞    €[1;41m∞±[3C[0;31m∞
[5Cﬁ≤    ﬁ› [1;41m∞[0;31m€[1;41m∞[0;31m≤‹ [1;37mﬂﬂ [30m≤‹€€€€€€€€€€± €€ [0mﬂ€ﬂﬂ [31m‹‹[1;41m≤±∞[0;31m≤ﬂ[6C‹€€[1;41m∞[9C[0;31m∞    ∞
[5C›[1;41m∞[0;31m‹   ﬁ[1;41m∞[2C[0;31mﬂ€€€€‹˛[1;30mﬁ€€€€€€€€€€€€≤∞ €€   [0;31m≤‹€[1;41m∞±[0;31mﬂ[7C‹€[1;41m∞[0;31m≤ [1;41m∞[3C[0;31m∞[5C±    ±
    ‹ﬂ≤›   [41m [1m∞[2C[0;31m∞ﬁ€≤›€ [1;30m€€∞€€€€€€€€€€€±∞ €€ [0;31m€€€€[1;41m∞[0;31m‹‹‹ ∞ ‹‹€[1;41m∞[0;31mﬂ ± ﬁ › ∞[5C≤ ‹˛
[7Cﬂb  [1;41m∞±[0;31m› ± €[1;41m∞[0;31m›ﬂ [1;30m€ ±€€€€ﬂ€€€€€€≤±∞ €‹ [0;31mﬂ€≤€€ﬂ€ ± ﬂﬂ≤ﬁ  ∞ ﬁ › ∞  ‹ ≤€ﬁ‹ ∞ ∞
   ∞    l ﬁ[1;41m±≤[0;31m€ ≤ ﬂ[1;41m±[0;31m€[1m [30m€€ ≤€€€ﬂ›€€€€€€€≤±∞ €€ [31;41m∞±≤[0;31m≤›  ≤∞  ±[5C[1;41m∞[0;31m›ﬂ ±   [1;41m∞[0;31m‹[1;41m∞±[0;31m≤ ±∞
  ∞±   ∞o  ﬂﬂ  €ﬂ˛[1;41m≤[0;31m≤[1m [30m€€›±€€€≤ﬂ‹€€€€€€€≤± €€ [31;41m∞∞±[0;31mﬂ   €±  ∞   ∞ﬁ[1;41m±[0;31m› ∞±› ﬂ  ﬂﬂ ﬁ≤±∞
  ±≤   ±o  ∞  ˛ ›  €[1m [30m€€€∞€€€≤€€€€€€€€€€≤€€ [0;31m‹[1;41m±[0;31m›[1;41m∞[C[0;31m˛‹ [1;41m∞[0;31m≤˛[5C± ﬂ  ±≤€ ∞   ∞ ∞€≤±
∞ ≤[1;41ma[3C[0;31m≤d->±∞   ﬂ  ﬁ [1;30m›€€ﬁ€€€€€€€€€€ﬂﬂ‹‹±ﬂ [0;31m‹[1;41m≤[0;31mﬂ [41m [2C[40m€[1;41m∞[0;31m≤€›‹ﬂ˛ ∞≤›   ≤€[1;41m∞[0;31m›±   ±∞±€[1;41m∞[0;31m≤ 
[A[79C∞±ﬂ€[1;41mf[0;31m‹  €‹ ﬁ≤± ˛‹[1;41m∞±[C[0;31m€[1;41m∞[C[30;40m€€ ﬂ‹€€€ﬂﬂ‹‹‹€€ﬂﬂ∞ [31;41m∞±[0;31m›  ≤›  ﬂﬂﬂ≤    ±€€  ﬁ[1;41m∞∞±[0;31m›≤› €≤±≤[1;41m∞±∞[40m
[0;31m≤[1;41m±∞[0;31m≤€  ≤[1;41m∞[0;31m›ﬂ€≤  ›ﬁ[1;41m∞[0;31m›ﬁ[1;41m∞[0;31m≤ [1;30mﬂ€€≤€€€€ﬂﬂ≤[0;31m˛‹‹‹  ﬂﬂ[1;41m∞[3C∞ [C[0;31m∞ ‹ fuck€≤€[1;41m∞[0;31mﬁ˛‹ﬂ[1;41m±≤[C[0;31m€€  €≤[1;41m∞±≤[0;31mﬂ 
[A[79C≤[1;41m±≤±∞[0;31mﬂ  ±≤[1;41m∞[C[0;31m‹ﬂ˛ ≤ﬁ≤ﬂ ﬁ€‹‹˛ [1;30mﬂ[0;31m‹‹‹[1;41m∞[0;31mﬂ˛   [1;41m±≤[0;31m≤ﬂ  ﬁ  ﬁ[1;41m±∞[C[0;31m±›[1;41m∞[0;31m‹ eh?[1;41m∞[0;31m€[1;41m∞±[0;31m€    ﬁ   ∞  ﬂ ‹‹[1;41m∞[0;31m€
[A[79C€ ﬂ≤ ﬂ  ∞[1;41m∞±[0;31m›[6C±≤:)[1;41m∞[0;31m›   ﬂ€€ﬂ±≤    [1;41m∞±[0;31m›   ﬁ   ﬂ ‹≤[41m [1m±∞[3C[0;31mﬂ [1;41m∞±≤[0;31m‹ ≤  ﬂ[1m   [0;31m±‹‹€[1;41m±∞[0;31m≤ﬂ˛
[A[79C[37m [31m  ±[5Cﬂ›[7C∞±‹ ﬁ ›  ﬁ ≤ €± ›   [1;41m∞[C[0;31m∞  [1;41m∞[6C[0;31mﬂ[1;41m∞≤±∞[0;31m‹‹‹  ﬂﬁ    ‹[1;41m∞[0;31m‹[1;41m±[0;31m€≤€ﬂ≤
  ∞    ∞[5C∞    ∞ﬁ [1;41m∞[C∞[4C[0;31mﬁ‹≤  [1;41m∞[3C[0;31mﬁ ±  €   ∞   ∞ ≤ﬂ[1;41m±∞ [0;31mﬂ€[1;41m∞[0;31m‹[1;41m±[0;31m‹€≤€€ﬂ≤ﬂ   ±
[6C∞±[5C±   ‹ ﬁﬁ[1;41m±[0;31m›ﬁ≤ ∞  ﬁ› ﬁ≤   ﬁ ≤  [1;41m∞[3C[0;31m±   ± ‹[1;41m±[2C[0;31mﬂﬂﬂ≤ﬂﬂ[1;41m∞[0;31mﬂ[1;41m∞[0;31m‹˛ ±    ∞
[6C±≤[5C≤    ≤[1;41m∞[C[0;31mﬂ ≤ﬂ ±[C ﬁ[1;41m∞[C[0;31mﬂ    ﬁ € ﬁ[1;41m±[0;31m›‹‹≤›‹‹≤‹[1;41m∞[0;31mﬂ[5C±[8C∞[1maf/exor!dc
[A[79C[0m [6C[31m≤[1;41m∞[5C[0;31mﬂ   ﬁ[1;41m∞±[0;31m≤  ﬂ  ≤[C [41m [1m∞[6C∞[C[0;31mﬁ [1;41m±≤±[C[0;31mﬂ[1;41m∞[0;31m€ﬂ[1;41m∞[0;31mﬂﬂ[7C∞
   ﬂ‹≤[1;41m∞±[0;31m›[8Cﬂ[1;41m±[0;31m≤‹ﬂ˛   ﬂ[C [1;41m∞±[0;31m›[4Cﬁ[1;41m±[0;31m›   ﬂ
    ‹ﬂﬂ≤[1;41m∞[0;31m‹[8Cﬁﬂ[8Cﬁ[1;41m±≤[0;31m€[5Cﬂ
[28C ﬂﬂ 
[58C±
[15Cﬁ[8C[1m[[0mlsd[1;31m][0;31m Liquid Speed Dome [1m[[0mlsd[1;31m][0;31m [2C ˛≤›
[7C‹[7Cﬁ[40C ‹ﬂ˛[4C‹
[7Cﬁ ‹[5C[1;41m∞[4C[37;40m [3C[0mÌ  [1;30mr[0mu[1mnning [30mR[0mG[1;30m 1[0m0[1m-05[30m C[0mu[1mstom  [0mÌ[3C[1m [7C[0;31m›  ‹
[5Cﬂ‹ﬁ[5C ﬁ[1;41m±[0;31m›[C  [37mÌ  [1;30mD[0mC [1;30mW[0mH[1mQ [0mÌ[1m [30mP[0mH[1mACTV [30mO[0mn[1mly [0mÌ[1m [30me[0ml[1mite [30mb[0mb[1ms [0m Ì[2C[31mﬂ ﬂ[1m‹[41m±[C[0;31m‹
[4C˛‹[1mﬁ[41m±[0;31m‹ﬂ   [2Cﬂ [C [2C[37mÌ  [1;30mr[0me[1mlaxed [30mr[0ma[1mtios [0mÌ [1;30mL[0mo[1mads[0m [1;30mo[0mn[1mline  [0mÌ [1m  [2C[0;31mﬂ‹[1mﬁ[41m≤±[0;31m‹
[5C‹[1mﬂ[41m≤[0;31m›ﬂ[9C[37mÌ[1m  [30mS[0mt[1mrict [30mN[0mU[1mV [30ms[0mt[1maff[C[0mÌ[1m [30m9[0m6[1m00+ [0mÌ[1m [30m2[0m4[1mhrs  [0mÌ[5C[31m‹ﬂ[1;41m±[0;31mﬂ‹
[7Cﬁ ﬂ[9C[37mÌ [1m [30mt[0mo[1mns [30mo[0mf[1m [30ma[0mf[1mfils [0mÌ[1m [30mm[0ma[1mssacreNet [30mW[0mH[1mQ  [0mÌ[2C  [31m‹  ﬁ
[7Cﬂ[4C[1;37m [4C   [2C[0mÌ[2C[1;30mn[0mu[1mp: [30mg[0me[1mt [30ma[0mh[1mold [30mo[0mf[1m [30me[0mx[1morcist[2C[0mÌ

[28CÌ  [35m[[1m9O5[0;35m][1msektor[0;35m-[1m0[30m  [0mÌ


[0m