[40m[2J[0;31mÛÛ»  ÛÛ» ÛÛÛÛÛÛÛ» ÛÛ»[5CÛÛ»[5CÛÛÛÛÛÛÛ» ÛÛÛÛÛÛ»   ÛÛÛÛÛ»  ÛÛ»    ÛÛ» ÛÛ»  ÛÛ»ÛÛº  ÛÛº ÛÛÉÍÍÍÍ¼ ÛÛº[5CÛÛº[5CÛÛÉÍÍÍÍ¼ ÛÛÉÍÍÛÛ» ÛÛÉÍÍÛÛ» ÛÛº    ÛÛº ÛÛÛ» ÛÛºÛÛÛÛÛÛÛº ÛÛÛÛÛ»   ÛÛº[5CÛÛº[5CÛÛÛÛÛÛÛ» ÛÛÛÛÛÛÉ¼ ÛÛÛÛÛÛÛº ÛÛº Û» ÛÛº ÛÛÉÛ»ÛÛºÛÛÉÍÍÛÛº ÛÛÉÍÍ¼   ÛÛº[5CÛÛº[5CÈÍÍÍÍÛÛº ÛÛÉÍÍÍ¼  ÛÛÉÍÍÛÛº ÛÛºÛÛÛ»ÛÛº ÛÛºÈÛÛÛºÛÛº  ÛÛº ÛÛÛÛÛÛÛ» ÛÛÛÛÛÛ» ÛÛÛÛÛÛ» ÛÛÛÛÛÛÛº ÛÛº[6CÛÛº  ÛÛº ÈÛÛÛÉÛÛÛÉ¼ ÛÛº ÈÛÛºÈÍ¼  ÈÍ¼ ÈÍÍÍÍÍÍ¼ ÈÍÍÍÍÍ¼ ÈÍÍÍÍÍ¼ ÈÍÍÍÍÍÍ¼ ÈÍ¼[6CÈÍ¼  ÈÍ¼  ÈÍÍ¼ÈÍÍ¼  ÈÍ¼  ÈÍ¼[28C[0;1mVersion 0.91a

[6C[0;31mTaking a new look into spawning viruses, you now hold in your
hands a fully stealth spawning virus.  This little program does everything it
can to avoid the detection of its files and, even once the scan string is out,
will most likely not be detectable by most anti-viral programs due to their
cheap methods of scanning.  

        Already tested against three major anti-viral programs..... 

F-Prot:  Can't find the files that are infected (will NOT infect F-Prot...)
Scan:    Can't find infected files, even if SCAN is infected itself!
TBSCAN:  Finds infected files, thinks they're a bunch of NOP's :)

                             NO ALARMS!!!!!!!

This virus is written for my own personal learning and the learning of 
others, and is not meant to be spread among the "innocents" of the computer 
society, so please be careful when playing with this virus. The one 
activation routine of this virus, just to tell the user that yeah, there is 
something there that they can't find, is a little flame.  Greets go out to 
Urnst Kouch, Mark Ludwig, Phalcon/Skism, NuKE, and the entire virus/
anti-virus communities.
[51C[0mÒ  [0;1;30mS[0mt[0;1mo[0mr[0;1;30mm[0mb[0;1mr[0mi[0;1;30mn[0mg[0;1me[0mr
[49CÍ[0;1mÍ[0;1;47m [D[0;1mÍ[0mÍÍ[0;1;30mÍÍ[0mÍÍ[0;1mÍÍ[0mÍÍÍÍ[0;1;30mÍÄÄÄÄÄ
[51C[0mĞ
[0m[255D
