[40m[2J[0m««««««««««««[0;1;31m«««««ýýýýýý[33Cýýýýý««««[0m¬¬¬¬¬¬¬¬¬««««««««««««««««¬[0;1;31m¬¬[52Cýýýýýý¬¬[0m¬¬¬«««««««[0;1;31m¬¬¬¬ýýýý[13CThIz gUys hAve reAly CooL ThiNgS[17Cý¬¬[0m¬¬««««¬[0;1;31mý[20CÄÄÄÄÄÄÄÄÄÄÄDistroÄSitesÄÄÄÄÄÄÄÄÄ[20C¬[0m¬«««¬[0;1;31m¬[74C¬[0m¬««[0;1;31m¬ý[74Cý[0m¬¬¬[0;1;31m¬[76C¬[0m¬[0;1;31m«[15C[0;1;35mTwilight Zone   [0;1m+541-7688639  [0;1;35m23-8  Satan Klauz[16C[0;1;31m¬ý[15C[0;1;35mHall Of Damned  [0;1m+541-2026298  [0;1;35m24-7  Destroyer
[16CCyber Daemon    [0;1m+541-Private  [0;1;35mxx-x  MaRTiN LuTHEr kiNG       

[16CLarvas Board    [0;1m+062-73-3472  [0;1;35m24-8  Larva
[0;1;31mý[15C[0;1;35mDay Of Death    [0;1m+541-7664089  [0;1;35m24-8  Smack
[0;1;31mý[15C[0;1;35mWicket Garden   [0;1m+041-81-5011  [0;1;35m22-7  Negative Creep
[0;1;31m¬
¬
[0m¬[0;1;31m.[77C,[0m¬[0;1;31m¬[76C.[0m«¬[0;1;31m¬[76C¬[0m««¬[0;1;31m¬,[73C,¬[0m«««¬¬[0;1;31m¬¬¬¬¬¬¬¬¬¬¬,.[59C.¬[0m¬««««««««¬¬¬¬¬¬¬¬¬[0;1;31m¬¬¬¬¬¬¬¬¬¬¬¬¬,...[36C,¬¬¬¬¬¬¬[0m¬¬««««««««««««««««¬¬¬¬¬¬¬¬¬¬¬¬¬¬¬¬¬[0;1;31m¬¬¬¬¬¬¬¬,..[20C.,¬¬¬¬¬[0m¬¬¬¬¬¬¬«««[0m[255D