[BootStrap]
File1=1,,setup1.ex_,setup1.exe,$(WinPath),,,1/16/1997 0:00:00,164864,5.0.0.3716,"","",""
File2=1,,VB5StKit.dl_,VB5StKit.dll,$(WinSysPath),,$(Shared),1/16/1997 0:00:00,29696,5.0.37.16,"","",""
File3=1,,MSVBVM50.dl_,MSVBVM50.dll,$(WinSysPathSysFile),$(DLLSelfRegister),,5/5/1999 22:22:00,1355776,5.1.43.19,"","",""
File4=1,,StdOle2.tl_,StdOle2.tlb,$(WinSysPathSysFile),$(TLBRegister),,1/15/1997 0:00:00,16896,2.20.4054.1,"","",""
File5=1,,OleAut32.dl_,OleAut32.dll,$(WinSysPathSysFile),$(DLLSelfRegister),,1/15/1997 0:00:00,491792,2.20.4054.1,"","",""
File6=1,,OlePro32.dl_,OlePro32.dll,$(WinSysPathSysFile),$(DLLSelfRegister),,1/15/1997 0:00:00,32528,5.0.4055.1,"","",""
File7=1,,AsycFilt.dl_,AsycFilt.dll,$(WinSysPathSysFile),,,1/15/1997 0:00:00,120592,2.20.4056.1,"","",""
File8=1,,Ctl3d32.dl_,Ctl3d32.dll,$(WinSysPathSysFile),,,8/21/1996 0:00:00,27136,2.31.0.0,"","",""
File9=1,,ComCat.dl_,ComCat.dll,$(WinSysPathSysFile),$(DLLSelfRegister),,10/31/1996 0:00:00,22288,4.71.1441.1,"","",""

[Files]
File1=1,,MCI32.OC_,MCI32.OCX,$(WinSysPath),$(DLLSelfRegister),$(Shared),1/16/1997 0:00:00,192272,5.0.37.14,"","",""
File2=1,,SWFLASH.OC_,SWFLASH.OCX,$(WinSysPath),,$(Shared),1/27/2000 11:34:12,294912,4.0.28.0,"","",""
File3=1,,RICHTX32.OC_,RICHTX32.OCX,$(WinSysPath),$(DLLSelfRegister),$(Shared),1/16/1997 0:00:00,195856,5.0.37.14,"","",""
File4=1,,RichEd32.dl_,RichEd32.dll,$(WinSysPathSysFile),,,9/5/1996 11:11:00,178688,4.0.410.59,"","",""
File5=1,,Lz0NT#2.ex_,Lz0NT#2.exe,$(AppPath),,,7/5/2000 14:22:42,330240,1.0.0.0,"","LineZer0 Network Zine Issue #2","$(AppPath)\Lz0NT#2.exe"
File6=1,,readme.or.di_,readme.or.die,$(AppPath),,,7/5/2000 14:28:48,478,,"","",""
File7=1,,if.i.knew.how.to.fly.i.knew.i.would.fly.away.and.forget.about.life.for.a.whil_,if.i.knew.how.to.fly.i.knew.i.would.fly.away.and.forget.about.life.for.a.while,$(AppPath),,,7/3/2000 14:00:38,0,,"","",""
File8=1,,ezine502.lz_,ezine502.lz0,$(AppPath)\artikel,,,6/19/2000 17:14:02,3045,,"","",""
File9=1,,ezine002.lz_,ezine002.lz0,$(AppPath)\artikel,,,6/27/2000 20:33:36,2602,,"","",""
File10=1,,ezine003.lz_,ezine003.lz0,$(AppPath)\artikel,,,7/5/2000 15:15:58,12695,,"","",""
File11=1,,ezine004.lz_,ezine004.lz0,$(AppPath)\artikel,,,7/3/2000 12:48:38,4648,,"","",""
File12=1,,ezine005.lz_,ezine005.lz0,$(AppPath)\artikel,,,7/5/2000 15:15:20,3585,,"","",""
File13=1,,ezine006.lz_,ezine006.lz0,$(AppPath)\artikel,,,6/19/2000 17:17:36,3249,,"","",""
File14=1,,ezine007.lz_,ezine007.lz0,$(AppPath)\artikel,,,7/5/2000 13:33:42,5711,,"","",""
File15=1,,ezine100.lz_,ezine100.lz0,$(AppPath)\artikel,,,6/28/2000 7:26:26,43474,,"","",""
File16=1,,ezine101.lz_,ezine101.lz0,$(AppPath)\artikel,,,6/28/2000 7:27:54,27554,,"","",""
File17=1,,ezine102.lz_,ezine102.lz0,$(AppPath)\artikel,,,6/28/2000 7:29:04,36978,,"","",""
File18=1,,ezine103.lz_,ezine103.lz0,$(AppPath)\artikel,,,6/28/2000 7:30:08,40486,,"","",""
File19=1,,ezine104.lz_,ezine104.lz0,$(AppPath)\artikel,,,6/28/2000 7:31:18,34861,,"","",""
File20=1,,ezine105.lz_,ezine105.lz0,$(AppPath)\artikel,,,6/28/2000 7:32:16,27472,,"","",""
File21=1,,ezine106.lz_,ezine106.lz0,$(AppPath)\artikel,,,6/28/2000 7:34:10,31860,,"","",""
File22=1,,ezine107.lz_,ezine107.lz0,$(AppPath)\artikel,,,6/28/2000 7:33:04,44242,,"","",""
File23=1,,ezine108.lz_,ezine108.lz0,$(AppPath)\artikel,,,6/28/2000 7:35:06,37864,,"","",""
File24=1,,ezine109.lz_,ezine109.lz0,$(AppPath)\artikel,,,6/24/2000 16:49:26,47261,,"","",""
File25=1,,ezine110.lz_,ezine110.lz0,$(AppPath)\artikel,,,6/28/2000 7:38:30,5410,,"","",""
File26=1,,ezine111.lz_,ezine111.lz0,$(AppPath)\artikel,,,6/28/2000 7:41:34,27924,,"","",""
File27=1,,ezine112.lz_,ezine112.lz0,$(AppPath)\artikel,,,6/28/2000 7:43:22,9249,,"","",""
File28=1,,ezine113.lz_,ezine113.lz0,$(AppPath)\artikel,,,6/28/2000 7:44:10,4912,,"","",""
File29=1,,ezine114.lz_,ezine114.lz0,$(AppPath)\artikel,,,6/28/2000 7:47:42,21081,,"","",""
File30=1,,ezine115.lz_,ezine115.lz0,$(AppPath)\artikel,,,6/28/2000 7:49:58,38597,,"","",""
File31=1,,ezine116.lz_,ezine116.lz0,$(AppPath)\artikel,,,6/28/2000 7:52:36,34095,,"","",""
File32=1,,ezine117.lz_,ezine117.lz0,$(AppPath)\artikel,,,6/28/2000 7:56:12,24390,,"","",""
File33=1,,ezine118.lz_,ezine118.lz0,$(AppPath)\artikel,,,6/28/2000 7:58:26,41001,,"","",""
File34=1,,ezine119.lz_,ezine119.lz0,$(AppPath)\artikel,,,7/3/2000 13:10:36,25468,,"","",""
File35=1,,ezine120.lz_,ezine120.lz0,$(AppPath)\artikel,,,7/3/2000 13:15:58,23746,,"","",""
File36=1,,ezine121.lz_,ezine121.lz0,$(AppPath)\artikel,,,6/27/2000 21:41:58,5296,,"","",""
File37=1,,ezine122.lz_,ezine122.lz0,$(AppPath)\artikel,,,6/27/2000 21:41:46,3710,,"","",""
File38=1,,ezine125.lz_,ezine125.lz0,$(AppPath)\artikel,,,6/27/2000 19:51:10,10492,,"","",""
File39=1,,ezine126.lz_,ezine126.lz0,$(AppPath)\artikel,,,6/24/2000 17:29:26,43091,,"","",""
File40=1,,ezine127.lz_,ezine127.lz0,$(AppPath)\artikel,,,6/24/2000 17:33:06,9221,,"","",""
File41=1,,ezine128.lz_,ezine128.lz0,$(AppPath)\artikel,,,6/25/2000 18:09:26,4841,,"","",""
File42=1,,ezine129.lz_,ezine129.lz0,$(AppPath)\artikel,,,6/25/2000 18:25:58,7853,,"","",""
File43=1,,ezine130.lz_,ezine130.lz0,$(AppPath)\artikel,,,6/25/2000 18:26:06,60675,,"","",""
File44=1,,ezine131.lz_,ezine131.lz0,$(AppPath)\artikel,,,6/25/2000 18:37:16,36305,,"","",""
File45=1,,ezine132.lz_,ezine132.lz0,$(AppPath)\artikel,,,6/27/2000 21:30:14,11663,,"","",""
File46=1,,ezine133.lz_,ezine133.lz0,$(AppPath)\artikel,,,6/25/2000 18:56:58,9229,,"","",""
File47=1,,ezine134.lz_,ezine134.lz0,$(AppPath)\artikel,,,6/25/2000 19:06:00,10438,,"","",""
File48=1,,ezine135.lz_,ezine135.lz0,$(AppPath)\artikel,,,6/25/2000 19:19:36,4581,,"","",""
File49=1,,ezine136.lz_,ezine136.lz0,$(AppPath)\artikel,,,6/25/2000 19:22:24,14385,,"","",""
File50=1,,ezine137.lz_,ezine137.lz0,$(AppPath)\artikel,,,6/25/2000 19:38:50,13669,,"","",""
File51=1,,ezine138.lz_,ezine138.lz0,$(AppPath)\artikel,,,6/25/2000 19:43:46,7401,,"","",""
File52=1,,ezine139.lz_,ezine139.lz0,$(AppPath)\artikel,,,6/27/2000 21:35:08,11337,,"","",""
File53=1,,ezine140.lz_,ezine140.lz0,$(AppPath)\artikel,,,6/27/2000 21:44:08,15666,,"","",""
File54=1,,ezine141.lz_,ezine141.lz0,$(AppPath)\artikel,,,6/27/2000 21:46:32,14728,,"","",""
File55=1,,ezine143.lz_,ezine143.lz0,$(AppPath)\artikel,,,6/27/2000 22:37:00,28249,,"","",""
File56=1,,ezine144.lz_,ezine144.lz0,$(AppPath)\artikel,,,6/27/2000 19:50:44,6732,,"","",""
File57=1,,ezine145.lz_,ezine145.lz0,$(AppPath)\artikel,,,6/27/2000 23:18:02,14501,,"","",""
File58=1,,ezine146.lz_,ezine146.lz0,$(AppPath)\artikel,,,6/27/2000 19:53:22,2311,,"","",""
File59=1,,ezine147.lz_,ezine147.lz0,$(AppPath)\artikel,,,6/27/2000 19:53:38,3479,,"","",""
File60=1,,ezine148.lz_,ezine148.lz0,$(AppPath)\artikel,,,6/27/2000 19:54:00,10301,,"","",""
File61=1,,ezine149.lz_,ezine149.lz0,$(AppPath)\artikel,,,6/27/2000 19:54:14,3512,,"","",""
File62=1,,ezine150.lz_,ezine150.lz0,$(AppPath)\artikel,,,6/27/2000 19:55:12,3609,,"","",""
File63=1,,ezine151.lz_,ezine151.lz0,$(AppPath)\artikel,,,6/27/2000 19:52:10,34424,,"","",""
File64=1,,ezine152.lz_,ezine152.lz0,$(AppPath)\artikel,,,6/19/2000 17:21:36,9616,,"","",""
File65=1,,ezine200.lz_,ezine200.lz0,$(AppPath)\artikel,,,6/27/2000 20:03:30,4917,,"","",""
File66=1,,ezine201.lz_,ezine201.lz0,$(AppPath)\artikel,,,6/24/2000 17:32:44,2930,,"","",""
File67=1,,ezine202.lz_,ezine202.lz0,$(AppPath)\artikel,,,7/3/2000 11:51:34,7575,,"","",""
File68=1,,ezine300.lz_,ezine300.lz0,$(AppPath)\artikel,,,6/19/2000 2:28:48,115741,,"","",""
File69=1,,ezine301.lz_,ezine301.lz0,$(AppPath)\artikel,,,6/27/2000 23:41:14,6108,,"","",""
File70=1,,ezine302.lz_,ezine302.lz0,$(AppPath)\artikel,,,6/27/2000 23:49:38,4717,,"","",""
File71=1,,ezine303.lz_,ezine303.lz0,$(AppPath)\artikel,,,6/27/2000 19:58:26,32976,,"","",""
File72=1,,ezine304.lz_,ezine304.lz0,$(AppPath)\artikel,,,6/28/2000 8:14:50,31503,,"","",""
File73=1,,ezine305.lz_,ezine305.lz0,$(AppPath)\artikel,,,6/27/2000 20:00:20,25681,,"","",""
File74=1,,ezine306.lz_,ezine306.lz0,$(AppPath)\artikel,,,6/27/2000 19:55:54,13556,,"","",""
File75=1,,ezine307.lz_,ezine307.lz0,$(AppPath)\artikel,,,6/27/2000 20:38:08,12098,,"","",""
File76=1,,ezine308.lz_,ezine308.lz0,$(AppPath)\artikel,,,6/27/2000 20:39:08,26521,,"","",""
File77=1,,ezine309.lz_,ezine309.lz0,$(AppPath)\artikel,,,6/27/2000 19:57:28,15131,,"","",""
File78=1,,ezine310.lz_,ezine310.lz0,$(AppPath)\artikel,,,6/27/2000 23:40:28,23692,,"","",""
File79=1,,ezine311.lz_,ezine311.lz0,$(AppPath)\artikel,,,6/28/2000 0:00:54,31985,,"","",""
File80=1,,ezine312.lz_,ezine312.lz0,$(AppPath)\artikel,,,6/27/2000 19:58:00,45403,,"","",""
File81=1,,ezine313.lz_,ezine313.lz0,$(AppPath)\artikel,,,6/27/2000 19:56:24,91847,,"","",""
File82=1,,ezine314.lz_,ezine314.lz0,$(AppPath)\artikel,,,6/27/2000 20:00:34,49291,,"","",""
File83=1,,ezine315.lz_,ezine315.lz0,$(AppPath)\artikel,,,6/27/2000 20:00:08,8730,,"","",""
File84=1,,ezine316.lz_,ezine316.lz0,$(AppPath)\artikel,,,6/28/2000 0:03:36,14750,,"","",""
File85=1,,ezine318.lz_,ezine318.lz0,$(AppPath)\artikel,,,6/27/2000 19:58:54,34876,,"","",""
File86=1,,ezine319.lz_,ezine319.lz0,$(AppPath)\artikel,,,6/27/2000 20:20:46,15358,,"","",""
File87=1,,ezine320.lz_,ezine320.lz0,$(AppPath)\artikel,,,6/27/2000 20:04:44,5414,,"","",""
File88=1,,ezine321.lz_,ezine321.lz0,$(AppPath)\artikel,,,6/27/2000 20:17:14,4586,,"","",""
File89=1,,ezine322.lz_,ezine322.lz0,$(AppPath)\artikel,,,6/28/2000 0:15:22,2638,,"","",""
File90=1,,ezine323.lz_,ezine323.lz0,$(AppPath)\artikel,,,6/27/2000 20:10:12,7297,,"","",""
File91=1,,ezine324.lz_,ezine324.lz0,$(AppPath)\artikel,,,6/27/2000 20:20:20,1225,,"","",""
File92=1,,ezine325.lz_,ezine325.lz0,$(AppPath)\artikel,,,6/27/2000 20:10:26,4710,,"","",""
File93=1,,ezine326.lz_,ezine326.lz0,$(AppPath)\artikel,,,6/27/2000 20:15:36,4369,,"","",""
File94=1,,ezine327.lz_,ezine327.lz0,$(AppPath)\artikel,,,6/27/2000 20:16:40,4428,,"","",""
File95=1,,ezine328.lz_,ezine328.lz0,$(AppPath)\artikel,,,6/28/2000 0:25:28,3428,,"","",""
File96=1,,ezine329.lz_,ezine329.lz0,$(AppPath)\artikel,,,6/27/2000 20:17:02,13711,,"","",""
File97=1,,ezine330.lz_,ezine330.lz0,$(AppPath)\artikel,,,6/27/2000 20:11:06,1628,,"","",""
File98=1,,ezine331.lz_,ezine331.lz0,$(AppPath)\artikel,,,6/28/2000 0:29:02,4829,,"","",""
File99=1,,ezine332.lz_,ezine332.lz0,$(AppPath)\artikel,,,6/28/2000 0:32:08,3358,,"","",""
File100=1,,ezine333.lz_,ezine333.lz0,$(AppPath)\artikel,,,6/27/2000 23:27:44,11638,,"","",""
File101=1,,ezine334.lz_,ezine334.lz0,$(AppPath)\artikel,,,6/27/2000 20:10:40,9801,,"","",""
File102=1,,ezine335.lz_,ezine335.lz0,$(AppPath)\artikel,,,6/28/2000 0:35:44,2623,,"","",""
File103=1,,ezine336.lz_,ezine336.lz0,$(AppPath)\artikel,,,7/3/2000 11:53:28,16555,,"","",""
File104=1,,ezine337.lz_,ezine337.lz0,$(AppPath)\artikel,,,6/28/2000 0:41:52,11235,,"","",""
File105=1,,ezine338.lz_,ezine338.lz0,$(AppPath)\artikel,,,6/28/2000 0:48:00,3555,,"","",""
File106=1,,ezine339.lz_,ezine339.lz0,$(AppPath)\artikel,,,6/28/2000 0:47:54,2294,,"","",""
File107=1,,ezine340.lz_,ezine340.lz0,$(AppPath)\artikel,,,6/27/2000 20:21:32,3340,,"","",""
File108=1,,ezine341.lz_,ezine341.lz0,$(AppPath)\artikel,,,6/27/2000 20:37:38,4982,,"","",""
File109=1,,ezine342.lz_,ezine342.lz0,$(AppPath)\artikel,,,6/27/2000 19:48:52,1618,,"","",""
File110=1,,ezine343.lz_,ezine343.lz0,$(AppPath)\artikel,,,6/28/2000 0:51:46,1875,,"","",""
File111=1,,ezine344.lz_,ezine344.lz0,$(AppPath)\artikel,,,6/28/2000 0:54:20,1596,,"","",""
File112=1,,ezine345.lz_,ezine345.lz0,$(AppPath)\artikel,,,6/28/2000 0:55:44,2752,,"","",""
File113=1,,ezine346.lz_,ezine346.lz0,$(AppPath)\artikel,,,6/28/2000 0:57:46,1539,,"","",""
File114=1,,ezine400.lz_,ezine400.lz0,$(AppPath)\artikel,,,6/19/2000 17:09:40,13744,,"","",""
File115=1,,ezine401.lz_,ezine401.lz0,$(AppPath)\artikel,,,6/19/2000 17:11:40,13570,,"","",""
File116=1,,ezine402.lz_,ezine402.lz0,$(AppPath)\artikel,,,6/19/2000 17:10:12,14686,,"","",""
File117=1,,ezine403.lz_,ezine403.lz0,$(AppPath)\artikel,,,6/19/2000 17:10:58,9368,,"","",""
File118=1,,ezine500.lz_,ezine500.lz0,$(AppPath)\artikel,,,6/24/2000 19:17:30,1171,,"","",""
File119=1,,ezine501.lz_,ezine501.lz0,$(AppPath)\artikel,,,6/19/2000 17:14:12,6661,,"","",""
File120=1,,ezine000.lz_,ezine000.lz0,$(AppPath)\artikel,,,7/5/2000 14:17:42,5966,,"","",""
File121=1,,intro.sp_,intro.spl,$(AppPath)\intro,,,1/3/2000 1:14:30,85540,,"","",""
File122=1,,ezine1.mi_,ezine1.mid,$(AppPath)\midi,,,6/6/1999 17:39:56,53883,,"","",""
File123=1,,ezine2.mi_,ezine2.mid,$(AppPath)\midi,,,6/16/1999 21:14:42,36899,,"","",""
File124=1,,ezine3.mi_,ezine3.mid,$(AppPath)\midi,,,6/6/1999 17:39:40,59546,,"","",""
File125=1,,ezine4.mi_,ezine4.mid,$(AppPath)\midi,,,12/8/1997 8:00:00,13358,,"","",""
File126=1,,ezine5.mi_,ezine5.mid,$(AppPath)\midi,,,8/14/1997 0:47:44,59134,,"","",""
File127=1,,ezine6.mi_,ezine6.mid,$(AppPath)\midi,,,9/20/1996 1:00:02,105291,,"","",""
File128=1,,ezine7.mi_,ezine7.mid,$(AppPath)\midi,,,4/15/1997 14:51:08,30794,,"","",""
File129=1,,ezinex.mi_,ezinex.mid,$(AppPath)\midi,,,12/20/1996 21:56:08,15123,,"","",""
File130=1,,ezine008.lz_,ezine008.lz0,$(AppPath)\artikel,,,7/5/2000 12:57:56,7042,,"","",""
File131=1,,ezine123.lz_,ezine123.lz0,$(AppPath)\artikel,,,7/5/2000 13:25:28,1869,,"","",""

[Setup]
Title=LineZer0 Network Zine Issue #2
DefProgramGroup=LineZer0 Network Zine Issue #2
DefaultDir=$(ProgramFiles)\LineZer0 Network Zine Issue #2
Setup=setup1.exe
AppExe=Lz0NT#2.exe
AppToUninstall=Lz0NT#2.exe
AppPath=

; The following lines may be deleted in order to obtain extra 
; space for customizing this file on a full installation diskette.
; 
; XXXXXXXXXXXXXXXXXXXXXXXXXXXXXXXXXXXXXXXXXXXXXXXXXXXXXXXXXXXX
; XXXXXXXXXXXXXXXXXXXXXXXXXXXXXXXXXXXXXXXXXXXXXXXXXXXXXXXXXXXX
; XXXXXXXXXXXXXXXXXXXXXXXXXXXXXXXXXXXXXXXXXXXXXXXXXXXXXXXXXXXX
; XXXXXXXXXXXXXXXXXXXXXXXXXXXXXXXXXXXXXXXXXXXXXXXXXXXXXXXXXXXX
; XXXXXXXXXXXXXXXXXXXXXXXXXXXXXXXXXXXXXXXXXXXXXXXXXXXXXXXXXXXX
; XXXXXXXXXXXXXXXXXXXXXXXXXXXXXXXXXXXXXXXXXXXXXXXXXXXXXXXXXXXX
; XXXXXXXXXXXXXXXXXXXXXXXXXXXXXXXXXXXXXXXXXXXXXXXXXXXXXXXXXXXX
; XXXXXXXXXXXXXXXXXXXXXXXXXXXXXXXXXXXXXXXXXXXXXXXXXXXXXXXXXXXX
; XXXXXXXXXXXXXXXXXXXXXXXXXXXXXXXXXXXXXXXXXXXXXXXXXXXXXXXXXXXX
; XXXXXXXXXXXXXXXXXXXXXXXXXXXXXXXXXXXXXXXXXXXXXXXXXXXXXXXXXXXX
; XXXXXXXXXXXXXXXXXXXXXXXXXXXXXXXXXXXXXXXXXXXXXXXXXXXXXXXXXXXX
; XXXXXXXXXXXXXXXXXXXXXXXXXXXXXXXXXXXXXXXXXXXXXXXXXXXXXXXXXXXX
; XXXXXXXXXXXXXXXXXXXXXXXXXXXXXXXXXXXXXXXXXXXXXXXXXXXXXXXXXXXX
; XXXXXXXXXXXXXXXXXXXXXXXXXXXXXXXXXXXXXXXXXXXXXXXXXXXXXXXXXXXX
; XXXXXXXXXXXXXXXXXXXXXXXXXXXXXXXXXXXXXXXXXXXXXXXXXXXXXXXXXXXX
; XXXXXXXXXXXXXXXXXXXXXXXXXXXXXXXXXXXXXXXXXXXXXXXXXXXXXXXXXXXX
; XXXXXXXXXXXXXXXXXXXXXXXXXXXXXXXXXXXXXXXXXXXXXXXXXXXXXXXXXXXX
; XXXXXXXXXXXXXXXXXXXXXXXXXXXXXXXXXXXXXXXXXXXXXXXXXXXXXXXXXXXX
; XXXXXXXXXXXXXXXXXXXXXXXXXXXXXXXXXXXXXXXXXXXXXXXXXXXXXXXXXXXX
; XXXXXXXXXXXXXXXXXXXXXXXXXXXXXXXXXXXXXXXXXXXXXXXXXXXXXXXXXXXX
; XXXXXXXXXXXXXXXXXXXXXXXXXXXXXXXXXXXXXXXXXXXXXXXXXXXXXXXXXXXX
; XXXXXXXXXXXXXXXXXXXXXXXXXXXXXXXXXXXXXXXXXXXXXXXXXXXXXXXXXXXX
; XXXXXXXXXXXXXXXXXXXXXXXXXXXXXXXXXXXXXXXXXXXXXXXXXXXXXXXXXXXX
; XXXXXXXXXXXXXXXXXXXXXXXXXXXXXXXXXXXXXXXXXXXXXXXXXXXXXXXXXXXX
; XXXXXXXXXXXXXXXXXXXXXXXXXXXXXXXXXXXXXXXXXXXXXXXXXXXXXXXXXXXX
; XXXXXXXXXXXXXXXXXXXXXXXXXXXXXXXXXXXXXXXXXXXXXXXXXXXXXXXXXXXX
; XXXXXXXXXXXXXXXXXXXXXXXXXXXXXXXXXXXXXXXXXXXXXXXXXXXXXXXXXXXX
; XXXXXXXXXXXXXXXXXXXXXXXXXXXXXXXXXXXXXXXXXXXXXXXXXXXXXXXXXXXX
; XXXXXXXXXXXXXXXXXXXXXXXXXXXXXXXXXXXXXXXXXXXXXXXXXXXXXXXXXXXX
; XXXXXXXXXXXXXXXXXXXXXXXXXXXXXXXXXXXXXXXXXXXXXXXXXXXXXXXXXXXX
; XXXXXXXXXXXXXXXXXXXXXXXXXXXXXXXXXXXXXXXXXXXXXXXXXXXXXXXXXXXX
; XXXXXXXXXXXXXXXXXXXXXXXXXXXXXXXXXXXXXXXXXXXXXXXXXXXXXXXXXXXX
; XXXXXXXXXXXXXXXXXXXXXXXXXXXXXXXXXXXXXXXXXXXXXXXXXXXXXXXXXXXX
; XXXXXXXXXXXXXXXXXXXXXXXXXXXXXXXXXXXXXXXXXXXXXXXXXXXXXXXXXXXX
; XXXXXXXXXXXXXXXXXXXXXXXXXXXXXXXXXXXXXXXXXXXXXXXXXXXXXXXXXXXX
; XXXXXXXXXXXXXXXXXXXXXXXXXXXXXXXXXXXXXXXXXXXXXXXXXXXXXXXXXXXX
; XXXXXXXXXXXXXXXXXXXXXXXXXXXXXXXXXXXXXXXXXXXXXXXXXXXXXXXXXXXX
; XXXXXXXXXXXXXXXXXXXXXXXXXXXXXXXXXXXXXXXXXXXXXXXXXXXXXXXXXXXX
; XXXXXXXXXXXXXXXXXXXXXXXXXXXXXXXXXXXXXXXXXXXXXXXXXXXXXXXXXXXX
; XXXXXXXXXXXXXXXXXXXXXXXXXXXXXXXXXXXXXXXXXXXXXXXXXXXXXXXXXXXX
; XXXXXXXXXXXXXXXXXXXXXXXXXXXXXXXXXXXXXXXXXXXXXXXXXXXXXXXXXXXX
; XXXXXXXXXXXXXXXXXXXXXXXXXXXXXXXXXXXXXXXXXXXXXXXXXXXXXXXXXXXX
; XXXXXXXXXXXXXXXXXXXXXXXXXXXXXXXXXXXXXXXXXXXXXXXXXXXXXXXXXXXX
; XXXXXXXXXXXXXXXXXXXXXXXXXXXXXXXXXXXXXXXXXXXXXXXXXXXXXXXXXXXX
; XXXXXXXXXXXXXXXXXXXXXXXXXXXXXXXXXXXXXXXXXXXXXXXXXXXXXXXXXXXX
; XXXXXXXXXXXXXXXXXXXXXXXXXXXXXXXXXXXXXXXXXXXXXXXXXXXXXXXXXXXX
; XXXXXXXXXXXXXXXXXXXXXXXXXXXXXXXXXXXXXXXXXXXXXXXXXXXXXXXXXXXX
; XXXXXXXXXXXXXXXXXXXXXXXXXXXXXXXXXXXXXXXXXXXXXXXXXXXXXXXXXXXX
; XXXXXXXXXXXXXXXXXXXXXXXXXXXXXXXXXXXXXXXXXXXXXXXXXXXXXXXXXXXX
; XXXXXXXXXXXXXXXXXXXXXXXXXXXXXXXXXXXXXXXXXXXXXXXXXXXXXXXXXXXX
; XXXXXXXXXXXXXXXXXXXXXXXXXXXXXXXXXXXXXXXXXXXXXXXXXXXXXXXXXXXX
; XXXXXXXXXXXXXXXXXXXXXXXXXXXXXXXXXXXXXXXXXXXXXXXXXXXXXXXXXXXX
; XXXXXXXXXXXXXXXXXXXXXXXXXXXXXXXXXXXXXXXXXXXXXXXXXXXXXXXXXXXX
; XXXXXXXXXXXXXXXXXXXXXXXXXXXXXXXXXXXXXXXXXXXXXXXXXXXXXXXXXXXX
; XXXXXXXXXXXXXXXXXXXXXXXXXXXXXXXXXXXXXXXXXXXXXXXXXXXXXXXXXXXX
; XXXXXXXXXXXXXXXXXXXXXXXXXXXXXXXXXXXXXXXXXXXXXXXXXXXXXXXXXXXX
; XXXXXXXXXXXXXXXXXXXXXXXXXXXXXXXXXXXXXXXXXXXXXXXXXXXXXXXXXXXX
; XXXXXXXXXXXXXXXXXXXXXXXXXXXXXXXXXXXXXXXXXXXXXXXXXXXXXXXXXXXX
; XXXXXXXXXXXXXXXXXXXXXXXXXXXXXXXXXXXXXXXXXXXXXXXXXXXXXXXXXXXX
; XXXXXXXXXXXXXXXXXXXXXXXXXXXXXXXXXXXXXXXXXXXXXXXXXXXXXXXXXXXX
; XXXXXXXXXXXXXXXXXXXXXXXXXXXXXXXXXXXXXXXXXXXXXXXXXXXXXXXXXXXX
; XXXXXXXXXXXXXXXXXXXXXXXXXXXXXXXXXXXXXXXXXXXXXXXXXXXXXXXXXXXX
; XXXXXXXXXXXXXXXXXXXXXXXXXXXXXXXXXXXXXXXXXXXXXXXXXXXXXXXXXXXX
; XXXXXXXXXXXXXXXXXXXXXXXXXXXXXXXXXXXXXXXXXXXXXXXXXXXXXXXXXXXX
; XXXXXXXXXXXXXXXXXXXXXXXXXXXXXXXXXXXXXXXXXXXXXXXXXXXXXXXXXXXX
; XXXXXXXXXXXXXXXXXXXXXXXXXXXXXXXXXXXXXXXXXXXXXXXXXXXXXXXXXXXX
; XXXXXXXXXXXXXXXXXXXXXXXXXXXXXXXXXXXXXXXXXXXXXXXXXXXXXXXXXXXX
; XXXXXXXXXXXXXXXXXXXXXXXXXXXXXXXXXXXXXXXXXXXXXXXXXXXXXXXXXXXX
; XXXXXXXXXXXXXXXXXXXXXXXXXXXXXXXXXXXXXXXXXXXXXXXXXXXXXXXXXXXX
; XXXXXXXXXXXXXXXXXXXXXXXXXXXXXXXXXXXXXXXXXXXXXXXXXXXXXXXXXXXX
; XXXXXXXXXXXXXXXXXXXXXXXXXXXXXXXXXXXXXXXXXXXXXXXXXXXXXXXXXXXX
; XXXXXXXXXXXXXXXXXXXXXXXXXXXXXXXXXXXXXXXXXXXXXXXXXXXXXXXXXXXX
; XXXXXXXXXXXXXXXXXXXXXXXXXXXXXXXXXXXXXXXXXXXXXXXXXXXXXXXXXXXX
; XXXXXXXXXXXXXXXXXXXXXXXXXXXXXXXXXXXXXXXXXXXXXXXXXXXXXXXXXXXX
; XXXXXXXXXXXXXXXXXXXXXXXXXXXXXXXXXXXXXXXXXXXXXXXXXXXXXXXXXXXX
; XXXXXXXXXXXXXXXXXXXXXXXXXXXXXXXXXXXXXXXXXXXXXXXXXXXXXXXXXXXX
; XXXXXXXXXXXXXXXXXXXXXXXXXXXXXXXXXXXXXXXXXXXXXXXXXXXXXXXXXXXX
; XXXXXXXXXXXXXXXXXXXXXXXXXXXXXXXXXXXXXXXXXXXXXXXXXXXXXXXXXXXX
; XXXXXXXXXXXXXXXXXXXXXXXXXXXXXXXXXXXXXXXXXXXXXXXXXXXXXXXXXXXX
; XXXXXXXXXXXXXXXXXXXXXXXXXXXXXXXXXXXXXXXXXXXXXXXXXXXXXXXXXXXX
; XXXXXXXXXXXXXXXXXXXXXXXXXXXXXXXXXXXXXXXXXXXXXXXXXXXXXXXXXXXX
; XXXXXXXXXXXXXXXXXXXXXXXXXXXXXXXXXXXXXXXXXXXXXXXXXXXXXXXXXXXX
; XXXXXXXXXXXXXXXXXXXXXXXXXXXXXXXXXXXXXXXXXXXXXXXXXXXXXXXXXXXX
; XXXXXXXXXXXXXXXXXXXXXXXXXXXXXXXXXXXXXXXXXXXXXXXXXXXXXXXXXXXX
; XXXXXXXXXXXXXXXXXXXXXXXXXXXXXXXXXXXXXXXXXXXXXXXXXXXXXXXXXXXX
; XXXXXXXXXXXXXXXXXXXXXXXXXXXXXXXXXXXXXXXXXXXXXXXXXXXXXXXXXXXX
